[2026-05-13 21:32:04][RESUME] Resumed from epoch 13  best_val_MAE=4.66  val_loss=0.0076
[2026-05-13 21:32:04][START] MERIDIAN (AnesthesiaNetV3) Training Start
[2026-05-13 21:32:04][CONFIG] device=cuda  AMP=True(torch.bfloat16)
[2026-05-13 21:32:04][CONFIG] params=622,892  epochs=200  patience=70  lr=5.28e-06  batch=32
[2026-05-13 21:32:04][CURRICULUM] Phase1: ep1-14  Phase2: ep15-34  Phase3: ep35+
[2026-05-13 21:32:04][CONFIG] steps/epoch=4,371  train_seqs=139,848  val_seqs=14,311
[2026-05-13 21:32:04][EPOCH] Epoch 14/200 train start  phase=1  (elapsed=0:00:00)
[2026-05-13 21:46:45][TRAIN] Epoch 14 train done  882s  loss=0.0088  bis=0.0020  phase=0.1554  stim=0.0466  pkd=0.0000  vd=0.0000  dp=0.0000  dv=0.0000  trans=0.0000  sps=47832
[2026-05-13 21:46:45][EPOCH] Epoch 14/200 val start
[2026-05-13 21:47:05][VAL] Epoch 14 val done  19s  vMAE=6.84  EMA=6.84  vInd=12.67  vRec=14.80  PhAcc=97.5%  StAUC=0.731  ni=0/70  elapsed=0:15:01  eta=46:33:37
[2026-05-13 21:47:05][CURRICULUM] >>> Entering Curriculum Phase 2 at epoch 15 <<<
[2026-05-13 21:47:05][EPOCH] Epoch 15/200 train start  phase=2  (elapsed=0:15:01)
[2026-05-13 22:01:49][TRAIN] Epoch 15 train done  884s  loss=0.0073  bis=0.0018  phase=0.1206  stim=0.0452  pkd=0.0000  vd=0.0000  dp=0.0000  dv=0.0000  trans=0.0000  sps=47640
[2026-05-13 22:01:49][EPOCH] Epoch 15/200 val start
[2026-05-13 22:02:08][VAL] Epoch 15 val done  19s  vMAE=6.20  EMA=6.65  vInd=11.64  vRec=12.18  PhAcc=98.1%  StAUC=0.769  ni=0/70  elapsed=0:30:04  eta=46:22:31
[2026-05-13 22:02:08][EPOCH] Epoch 16/200 train start  phase=2  (elapsed=0:30:04)
[2026-05-13 22:16:51][TRAIN] Epoch 16 train done  883s  loss=0.0092  bis=0.0019  phase=0.1305  stim=0.0461  pkd=0.0000  vd=0.0000  dp=0.0000  dv=0.0000  trans=0.0000  sps=47722
[2026-05-13 22:16:51][EPOCH] Epoch 16/200 val start
[2026-05-13 22:17:11][VAL] Epoch 16 val done  19s  vMAE=6.78  EMA=6.69  vInd=9.96  vRec=9.16  PhAcc=96.5%  StAUC=0.765  ni=1/70  elapsed=0:45:07  eta=46:07:16
[2026-05-13 22:17:11][EPOCH] Epoch 17/200 train start  phase=2  (elapsed=0:45:07)
[2026-05-13 22:31:56][TRAIN] Epoch 17 train done  886s  loss=0.0100  bis=0.0018  phase=0.1208  stim=0.0443  pkd=0.0000  vd=0.0000  dp=0.0000  dv=0.0000  trans=0.0000  sps=47573
[2026-05-13 22:31:56][EPOCH] Epoch 17/200 val start
[2026-05-13 22:32:16][VAL] Epoch 17 val done  19s  vMAE=5.76  EMA=6.41  vInd=9.68  vRec=8.72  PhAcc=97.2%  StAUC=0.787  ni=0/70  elapsed=1:00:12  eta=45:54:11
[2026-05-13 22:32:16][EPOCH] Epoch 18/200 train start  phase=2  (elapsed=1:00:12)
[2026-05-13 22:46:57][TRAIN] Epoch 18 train done  882s  loss=0.0111  bis=0.0018  phase=0.1174  stim=0.0436  pkd=0.0000  vd=0.0000  dp=0.0000  dv=0.0000  trans=0.0000  sps=47793
[2026-05-13 22:46:57][EPOCH] Epoch 18/200 val start
[2026-05-13 22:47:17][VAL] Epoch 18 val done  19s  vMAE=5.92  EMA=6.26  vInd=8.65  vRec=8.38  PhAcc=97.7%  StAUC=0.795  ni=0/70  elapsed=1:15:13  eta=45:37:53
[2026-05-13 22:47:17][EPOCH] Epoch 19/200 train start  phase=2  (elapsed=1:15:13)
[2026-05-13 23:02:01][TRAIN] Epoch 19 train done  884s  loss=0.0119  bis=0.0018  phase=0.1111  stim=0.0421  pkd=0.0000  vd=0.0000  dp=0.0000  dv=0.0000  trans=0.0000  sps=47644
[2026-05-13 23:02:01][EPOCH] Epoch 19/200 val start
[2026-05-13 23:02:20][VAL] Epoch 19 val done  19s  vMAE=5.51  EMA=6.04  vInd=9.64  vRec=8.99  PhAcc=97.8%  StAUC=0.816  ni=0/70  elapsed=1:30:16  eta=45:23:22
[2026-05-13 23:02:20][EPOCH] Epoch 20/200 train start  phase=2  (elapsed=1:30:16)
[2026-05-13 23:17:05][TRAIN] Epoch 20 train done  885s  loss=0.0129  bis=0.0017  phase=0.1060  stim=0.0414  pkd=0.0000  vd=0.0000  dp=0.0000  dv=0.0000  trans=0.0000  sps=47629
[2026-05-13 23:17:05][EPOCH] Epoch 20/200 val start
[2026-05-13 23:17:24][VAL] Epoch 20 val done  19s  vMAE=5.59  EMA=5.90  vInd=10.84  vRec=10.64  PhAcc=98.3%  StAUC=0.805  ni=0/70  elapsed=1:45:20  eta=45:08:48
[2026-05-13 23:17:24][EPOCH] Epoch 21/200 train start  phase=2  (elapsed=1:45:20)
[2026-05-13 23:32:06][TRAIN] Epoch 21 train done  882s  loss=0.0125  bis=0.0017  phase=0.1012  stim=0.0404  pkd=0.0000  vd=0.0000  dp=0.0000  dv=0.0000  trans=0.0000  sps=47787
[2026-05-13 23:32:06][EPOCH] Epoch 21/200 val start
[2026-05-13 23:32:25][VAL] Epoch 21 val done  19s  vMAE=5.45  EMA=5.77  vInd=10.44  vRec=11.12  PhAcc=98.2%  StAUC=0.811  ni=0/70  elapsed=2:00:21  eta=44:53:00
[2026-05-13 23:32:25][EPOCH] Epoch 22/200 train start  phase=2  (elapsed=2:00:21)
[2026-05-13 23:47:10][TRAIN] Epoch 22 train done  885s  loss=0.0121  bis=0.0017  phase=0.0940  stim=0.0396  pkd=0.0000  vd=0.0000  dp=0.0000  dv=0.0000  trans=0.0000  sps=47626
[2026-05-13 23:47:10][EPOCH] Epoch 22/200 val start
[2026-05-13 23:47:29][VAL] Epoch 22 val done  19s  vMAE=5.17  EMA=5.59  vInd=9.76  vRec=10.98  PhAcc=98.3%  StAUC=0.806  ni=0/70  elapsed=2:15:25  eta=44:38:23
[2026-05-13 23:47:29][EPOCH] Epoch 23/200 train start  phase=2  (elapsed=2:15:25)
[2026-05-14 00:02:13][TRAIN] Epoch 23 train done  884s  loss=0.0117  bis=0.0016  phase=0.0887  stim=0.0386  pkd=0.0000  vd=0.0000  dp=0.0000  dv=0.0000  trans=0.0000  sps=47648
[2026-05-14 00:02:13][EPOCH] Epoch 23/200 val start
[2026-05-14 00:02:33][VAL] Epoch 23 val done  19s  vMAE=5.67  EMA=5.61  vInd=8.87  vRec=8.88  PhAcc=97.9%  StAUC=0.809  ni=1/70  elapsed=2:30:29  eta=44:23:34
[2026-05-14 00:02:33][EPOCH] Epoch 24/200 train start  phase=2  (elapsed=2:30:29)
[2026-05-14 00:17:19][TRAIN] Epoch 24 train done  887s  loss=0.0115  bis=0.0016  phase=0.0847  stim=0.0381  pkd=0.0000  vd=0.0000  dp=0.0000  dv=0.0000  trans=0.0000  sps=47516
[2026-05-14 00:17:19][EPOCH] Epoch 24/200 val start
[2026-05-14 00:17:39][VAL] Epoch 24 val done  19s  vMAE=6.41  EMA=5.85  vInd=10.52  vRec=11.92  PhAcc=98.0%  StAUC=0.795  ni=2/70  elapsed=2:45:35  eta=44:09:22
[2026-05-14 00:17:39][EPOCH] Epoch 25/200 train start  phase=2  (elapsed=2:45:35)
[2026-05-14 00:32:30][TRAIN] Epoch 25 train done  891s  loss=0.0113  bis=0.0016  phase=0.0839  stim=0.0373  pkd=0.0000  vd=0.0000  dp=0.0000  dv=0.0000  trans=0.0000  sps=47498
[2026-05-14 00:32:30][EPOCH] Epoch 25/200 val start
[2026-05-14 00:32:50][VAL] Epoch 25 val done  19s  vMAE=5.51  EMA=5.75  vInd=10.36  vRec=11.75  PhAcc=97.9%  StAUC=0.790  ni=3/70  elapsed=3:00:46  eta=43:56:10
[2026-05-14 00:32:50][EPOCH] Epoch 26/200 train start  phase=2  (elapsed=3:00:46)
