[2026-05-14 00:49:40][START] MERIDIAN (AnesthesiaNetV3) Training Start
[2026-05-14 00:49:40][CONFIG] device=cuda  AMP=True(torch.bfloat16)
[2026-05-14 00:49:40][CONFIG] params=622,892  epochs=200  patience=70  lr=1.00e-04  batch=32
[2026-05-14 00:49:40][CURRICULUM] Phase1: ep1-14  Phase2: ep15-34  Phase3: ep35+
[2026-05-14 00:49:40][CONFIG] steps/epoch=4,371  train_seqs=139,848  val_seqs=14,311
[2026-05-14 00:49:40][EPOCH] Epoch 1/200 train start  phase=1  (elapsed=0:00:00)
[2026-05-14 01:04:09][TRAIN] Epoch 1 train done  869s  loss=0.0141  bis=0.0028  phase=0.2804  stim=0.0499  pkd=0.0000  vd=0.0000  dp=0.0000  dv=0.0000  trans=0.0000  sps=146695
[2026-05-14 01:04:09][EPOCH] Epoch 1/200 val start
[2026-05-14 01:04:29][CKPT] Checkpoint saved  epoch=1  val_MAE=6.37 BIS  path=outputs\checkpoints\v13\best_model_v3.pt
[2026-05-14 01:04:29][VAL] Epoch 1 val done  19s  vMAE=6.37  EMA=6.37  vInd=13.67  vRec=19.39  PhAcc=97.8%  StAUC=0.772  ni=0/70  elapsed=0:14:48  eta=49:06:54
[2026-05-14 01:04:29][EPOCH] Epoch 2/200 train start  phase=1  (elapsed=0:14:48)
[2026-05-14 01:18:57][TRAIN] Epoch 2 train done  868s  loss=0.0096  bis=0.0022  phase=0.1676  stim=0.0463  pkd=0.0000  vd=0.0000  dp=0.0000  dv=0.0000  trans=0.0000  sps=147399
[2026-05-14 01:18:57][EPOCH] Epoch 2/200 val start
[2026-05-14 01:19:16][CKPT] Checkpoint saved  epoch=2  val_MAE=6.03 BIS  path=outputs\checkpoints\v13\best_model_v3.pt
[2026-05-14 01:19:16][VAL] Epoch 2 val done  19s  vMAE=6.03  EMA=6.27  vInd=11.19  vRec=13.94  PhAcc=97.1%  StAUC=0.778  ni=0/70  elapsed=0:29:35  eta=48:50:21
[2026-05-14 01:19:16][EPOCH] Epoch 3/200 train start  phase=1  (elapsed=0:29:35)
[2026-05-14 01:33:43][TRAIN] Epoch 3 train done  867s  loss=0.0084  bis=0.0020  phase=0.1446  stim=0.0453  pkd=0.0000  vd=0.0000  dp=0.0000  dv=0.0000  trans=0.0000  sps=147945
[2026-05-14 01:33:43][EPOCH] Epoch 3/200 val start
[2026-05-14 01:34:03][CKPT] Checkpoint saved  epoch=3  val_MAE=5.81 BIS  path=outputs\checkpoints\v13\best_model_v3.pt
[2026-05-14 01:34:03][VAL] Epoch 3 val done  19s  vMAE=5.81  EMA=6.13  vInd=10.01  vRec=10.13  PhAcc=97.8%  StAUC=0.773  ni=0/70  elapsed=0:44:22  eta=48:33:50
[2026-05-14 01:34:03][EPOCH] Epoch 4/200 train start  phase=1  (elapsed=0:44:22)
[2026-05-14 01:48:30][TRAIN] Epoch 4 train done  868s  loss=0.0078  bis=0.0019  phase=0.1312  stim=0.0449  pkd=0.0000  vd=0.0000  dp=0.0000  dv=0.0000  trans=0.0000  sps=147437
[2026-05-14 01:48:30][EPOCH] Epoch 4/200 val start
[2026-05-14 01:48:50][CKPT] Checkpoint saved  epoch=4  val_MAE=5.66 BIS  path=outputs\checkpoints\v13\best_model_v3.pt
[2026-05-14 01:48:50][VAL] Epoch 4 val done  19s  vMAE=5.66  EMA=5.99  vInd=9.31  vRec=8.75  PhAcc=97.3%  StAUC=0.762  ni=0/70  elapsed=0:59:09  eta=48:18:48
[2026-05-14 01:48:50][EPOCH] Epoch 5/200 train start  phase=1  (elapsed=0:59:09)
[2026-05-14 02:03:17][TRAIN] Epoch 5 train done  868s  loss=0.0074  bis=0.0018  phase=0.1228  stim=0.0445  pkd=0.0000  vd=0.0000  dp=0.0000  dv=0.0000  trans=0.0000  sps=147679
[2026-05-14 02:03:17][EPOCH] Epoch 5/200 val start
[2026-05-14 02:03:37][CKPT] Checkpoint saved  epoch=5  val_MAE=5.34 BIS  path=outputs\checkpoints\v13\best_model_v3.pt
[2026-05-14 02:03:37][VAL] Epoch 5 val done  19s  vMAE=5.34  EMA=5.79  vInd=10.05  vRec=9.55  PhAcc=98.1%  StAUC=0.773  ni=0/70  elapsed=1:13:56  eta=48:03:50
[2026-05-14 02:03:37][EPOCH] Epoch 6/200 train start  phase=1  (elapsed=1:13:56)
[2026-05-14 02:18:09][TRAIN] Epoch 6 train done  872s  loss=0.0070  bis=0.0017  phase=0.1141  stim=0.0444  pkd=0.0000  vd=0.0000  dp=0.0000  dv=0.0000  trans=0.0000  sps=145983
[2026-05-14 02:18:09][EPOCH] Epoch 6/200 val start
[2026-05-14 02:18:28][VAL] Epoch 6 val done  19s  vMAE=5.37  EMA=5.67  vInd=9.15  vRec=8.20  PhAcc=97.5%  StAUC=0.794  ni=0/70  elapsed=1:28:48  eta=47:51:17
[2026-05-14 02:18:28][EPOCH] Epoch 7/200 train start  phase=1  (elapsed=1:28:48)
[2026-05-14 02:32:57][TRAIN] Epoch 7 train done  869s  loss=0.0066  bis=0.0017  phase=0.1060  stim=0.0440  pkd=0.0000  vd=0.0000  dp=0.0000  dv=0.0000  trans=0.0000  sps=146041
[2026-05-14 02:32:57][EPOCH] Epoch 7/200 val start
[2026-05-14 02:33:17][VAL] Epoch 7 val done  19s  vMAE=5.37  EMA=5.58  vInd=9.70  vRec=9.29  PhAcc=98.3%  StAUC=0.785  ni=0/70  elapsed=1:43:36  eta=47:36:40
[2026-05-14 02:33:17][EPOCH] Epoch 8/200 train start  phase=1  (elapsed=1:43:36)
[2026-05-14 02:47:45][TRAIN] Epoch 8 train done  868s  loss=0.0063  bis=0.0016  phase=0.0998  stim=0.0441  pkd=0.0000  vd=0.0000  dp=0.0000  dv=0.0000  trans=0.0000  sps=146746
[2026-05-14 02:47:45][EPOCH] Epoch 8/200 val start
[2026-05-14 02:48:04][VAL] Epoch 8 val done  19s  vMAE=5.40  EMA=5.53  vInd=8.84  vRec=7.74  PhAcc=97.9%  StAUC=0.776  ni=0/70  elapsed=1:58:23  eta=47:21:30
[2026-05-14 02:48:04][EPOCH] Epoch 9/200 train start  phase=1  (elapsed=1:58:23)
[2026-05-14 03:02:32][TRAIN] Epoch 9 train done  868s  loss=0.0060  bis=0.0016  phase=0.0919  stim=0.0437  pkd=0.0000  vd=0.0000  dp=0.0000  dv=0.0000  trans=0.0000  sps=146377
[2026-05-14 03:02:32][EPOCH] Epoch 9/200 val start
[2026-05-14 03:02:52][CKPT] Checkpoint saved  epoch=9  val_MAE=5.08 BIS  path=outputs\checkpoints\v13\best_model_v3.pt
[2026-05-14 03:02:52][VAL] Epoch 9 val done  19s  vMAE=5.08  EMA=5.39  vInd=9.75  vRec=9.70  PhAcc=98.3%  StAUC=0.785  ni=0/70  elapsed=2:13:11  eta=47:06:37
[2026-05-14 03:02:52][EPOCH] Epoch 10/200 train start  phase=1  (elapsed=2:13:11)
[2026-05-14 03:17:18][TRAIN] Epoch 10 train done  867s  loss=0.0058  bis=0.0016  phase=0.0865  stim=0.0437  pkd=0.0000  vd=0.0000  dp=0.0000  dv=0.0000  trans=0.0000  sps=147276
[2026-05-14 03:17:18][EPOCH] Epoch 10/200 val start
[2026-05-14 03:17:38][VAL] Epoch 10 val done  19s  vMAE=5.96  EMA=5.56  vInd=9.05  vRec=6.31  PhAcc=97.3%  StAUC=0.769  ni=1/70  elapsed=2:27:57  eta=46:51:14
[2026-05-14 03:17:38][EPOCH] Epoch 11/200 train start  phase=1  (elapsed=2:27:57)
[2026-05-14 03:32:06][TRAIN] Epoch 11 train done  868s  loss=0.0056  bis=0.0015  phase=0.0821  stim=0.0436  pkd=0.0000  vd=0.0000  dp=0.0000  dv=0.0000  trans=0.0000  sps=146025
[2026-05-14 03:32:06][EPOCH] Epoch 11/200 val start
[2026-05-14 03:32:26][VAL] Epoch 11 val done  19s  vMAE=5.75  EMA=5.62  vInd=9.30  vRec=8.38  PhAcc=98.1%  StAUC=0.778  ni=2/70  elapsed=2:42:45  eta=46:36:27
[2026-05-14 03:32:26][EPOCH] Epoch 12/200 train start  phase=1  (elapsed=2:42:45)
[2026-05-14 03:46:53][TRAIN] Epoch 12 train done  867s  loss=0.0054  bis=0.0015  phase=0.0784  stim=0.0434  pkd=0.0000  vd=0.0000  dp=0.0000  dv=0.0000  trans=0.0000  sps=146915
[2026-05-14 03:46:53][EPOCH] Epoch 12/200 val start
[2026-05-14 03:47:12][VAL] Epoch 12 val done  19s  vMAE=6.04  EMA=5.74  vInd=8.57  vRec=6.90  PhAcc=97.7%  StAUC=0.778  ni=3/70  elapsed=2:57:31  eta=46:21:20
[2026-05-14 03:47:12][EPOCH] Epoch 13/200 train start  phase=1  (elapsed=2:57:31)
[2026-05-14 04:01:39][TRAIN] Epoch 13 train done  867s  loss=0.0053  bis=0.0015  phase=0.0758  stim=0.0435  pkd=0.0000  vd=0.0000  dp=0.0000  dv=0.0000  trans=0.0000  sps=146984
[2026-05-14 04:01:39][EPOCH] Epoch 13/200 val start
[2026-05-14 04:01:59][CKPT] Checkpoint saved  epoch=13  val_MAE=4.65 BIS  path=outputs\checkpoints\v13\best_model_v3.pt
[2026-05-14 04:01:59][VAL] Epoch 13 val done  19s  vMAE=4.65  EMA=5.41  vInd=7.99  vRec=6.45  PhAcc=98.1%  StAUC=0.785  ni=4/70  elapsed=3:12:18  eta=46:06:15
[2026-05-14 04:01:59][EPOCH] Epoch 14/200 train start  phase=1  (elapsed=3:12:18)
[2026-05-14 04:16:26][TRAIN] Epoch 14 train done  868s  loss=0.0052  bis=0.0015  phase=0.0734  stim=0.0435  pkd=0.0000  vd=0.0000  dp=0.0000  dv=0.0000  trans=0.0000  sps=146593
[2026-05-14 04:16:26][EPOCH] Epoch 14/200 val start
[2026-05-14 04:16:46][VAL] Epoch 14 val done  19s  vMAE=5.60  EMA=5.47  vInd=9.16  vRec=7.67  PhAcc=98.0%  StAUC=0.773  ni=5/70  elapsed=3:27:05  eta=45:51:22
[2026-05-14 04:16:46][CURRICULUM] >>> Entering Curriculum Phase 2 at epoch 15 <<<
[2026-05-14 04:16:46][EPOCH] Epoch 15/200 train start  phase=2  (elapsed=3:27:05)
[2026-05-14 04:31:12][TRAIN] Epoch 15 train done  866s  loss=0.0051  bis=0.0015  phase=0.0718  stim=0.0435  pkd=0.0000  vd=0.0000  dp=0.0000  dv=0.0000  trans=0.0000  sps=147430
[2026-05-14 04:31:12][EPOCH] Epoch 15/200 val start
[2026-05-14 04:31:32][VAL] Epoch 15 val done  19s  vMAE=4.73  EMA=5.25  vInd=8.28  vRec=6.68  PhAcc=98.2%  StAUC=0.787  ni=0/70  elapsed=3:41:51  eta=45:36:14
[2026-05-14 04:31:32][EPOCH] Epoch 16/200 train start  phase=2  (elapsed=3:41:51)
[2026-05-14 04:45:58][TRAIN] Epoch 16 train done  867s  loss=0.0078  bis=0.0017  phase=0.1026  stim=0.0452  pkd=0.0000  vd=0.0000  dp=0.0000  dv=0.0000  trans=0.0000  sps=146985
[2026-05-14 04:45:58][EPOCH] Epoch 16/200 val start
[2026-05-14 04:46:18][VAL] Epoch 16 val done  19s  vMAE=4.84  EMA=5.13  vInd=8.00  vRec=6.76  PhAcc=97.4%  StAUC=0.781  ni=0/70  elapsed=3:56:37  eta=45:21:13
[2026-05-14 04:46:18][EPOCH] Epoch 17/200 train start  phase=2  (elapsed=3:56:37)
[2026-05-14 05:00:45][TRAIN] Epoch 17 train done  867s  loss=0.0089  bis=0.0017  phase=0.0993  stim=0.0434  pkd=0.0000  vd=0.0000  dp=0.0000  dv=0.0000  trans=0.0000  sps=147281
[2026-05-14 05:00:45][EPOCH] Epoch 17/200 val start
[2026-05-14 05:01:04][VAL] Epoch 17 val done  19s  vMAE=5.55  EMA=5.25  vInd=8.78  vRec=8.56  PhAcc=97.8%  StAUC=0.788  ni=1/70  elapsed=4:11:23  eta=45:06:11
[2026-05-14 05:01:04][EPOCH] Epoch 18/200 train start  phase=2  (elapsed=4:11:23)
[2026-05-14 05:15:33][TRAIN] Epoch 18 train done  869s  loss=0.0102  bis=0.0017  phase=0.0985  stim=0.0430  pkd=0.0000  vd=0.0000  dp=0.0000  dv=0.0000  trans=0.0000  sps=146103
[2026-05-14 05:15:33][EPOCH] Epoch 18/200 val start
[2026-05-14 05:15:52][VAL] Epoch 18 val done  19s  vMAE=5.64  EMA=5.37  vInd=9.22  vRec=10.48  PhAcc=98.2%  StAUC=0.790  ni=2/70  elapsed=4:26:12  eta=44:51:35
[2026-05-14 05:15:52][EPOCH] Epoch 19/200 train start  phase=2  (elapsed=4:26:12)
[2026-05-14 05:30:19][TRAIN] Epoch 19 train done  867s  loss=0.0114  bis=0.0017  phase=0.0982  stim=0.0421  pkd=0.0000  vd=0.0000  dp=0.0000  dv=0.0000  trans=0.0000  sps=146988
[2026-05-14 05:30:19][EPOCH] Epoch 19/200 val start
[2026-05-14 05:30:39][VAL] Epoch 19 val done  19s  vMAE=5.28  EMA=5.35  vInd=9.20  vRec=9.39  PhAcc=98.2%  StAUC=0.804  ni=3/70  elapsed=4:40:58  eta=44:36:40
[2026-05-14 05:30:39][EPOCH] Epoch 20/200 train start  phase=2  (elapsed=4:40:58)
[2026-05-14 05:45:07][TRAIN] Epoch 20 train done  868s  loss=0.0123  bis=0.0017  phase=0.0933  stim=0.0409  pkd=0.0000  vd=0.0000  dp=0.0000  dv=0.0000  trans=0.0000  sps=146549
[2026-05-14 05:45:07][EPOCH] Epoch 20/200 val start
[2026-05-14 05:45:26][VAL] Epoch 20 val done  19s  vMAE=5.78  EMA=5.48  vInd=8.84  vRec=7.34  PhAcc=97.9%  StAUC=0.795  ni=4/70  elapsed=4:55:45  eta=44:21:51
[2026-05-14 05:45:26][EPOCH] Epoch 21/200 train start  phase=2  (elapsed=4:55:45)
[2026-05-14 05:59:54][TRAIN] Epoch 21 train done  868s  loss=0.0120  bis=0.0017  phase=0.0907  stim=0.0401  pkd=0.0000  vd=0.0000  dp=0.0000  dv=0.0000  trans=0.0000  sps=146343
[2026-05-14 05:59:54][EPOCH] Epoch 21/200 val start
[2026-05-14 06:00:13][VAL] Epoch 21 val done  19s  vMAE=4.92  EMA=5.31  vInd=8.30  vRec=7.96  PhAcc=98.2%  StAUC=0.815  ni=5/70  elapsed=5:10:33  eta=44:07:06
[2026-05-14 06:00:13][EPOCH] Epoch 22/200 train start  phase=2  (elapsed=5:10:33)
[2026-05-14 06:14:41][TRAIN] Epoch 22 train done  867s  loss=0.0117  bis=0.0016  phase=0.0853  stim=0.0391  pkd=0.0000  vd=0.0000  dp=0.0000  dv=0.0000  trans=0.0000  sps=147119
[2026-05-14 06:14:41][EPOCH] Epoch 22/200 val start
[2026-05-14 06:15:00][VAL] Epoch 22 val done  19s  vMAE=5.94  EMA=5.50  vInd=8.38  vRec=7.97  PhAcc=97.9%  StAUC=0.785  ni=6/70  elapsed=5:25:19  eta=43:52:12
[2026-05-14 06:15:00][EPOCH] Epoch 23/200 train start  phase=2  (elapsed=5:25:19)
[2026-05-14 06:29:28][TRAIN] Epoch 23 train done  868s  loss=0.0113  bis=0.0016  phase=0.0784  stim=0.0382  pkd=0.0000  vd=0.0000  dp=0.0000  dv=0.0000  trans=0.0000  sps=146695
[2026-05-14 06:29:28][EPOCH] Epoch 23/200 val start
[2026-05-14 06:29:47][VAL] Epoch 23 val done  19s  vMAE=5.37  EMA=5.46  vInd=9.25  vRec=8.65  PhAcc=98.0%  StAUC=0.782  ni=7/70  elapsed=5:40:06  eta=43:37:23
[2026-05-14 06:29:47][EPOCH] Epoch 24/200 train start  phase=2  (elapsed=5:40:06)
[2026-05-14 06:44:15][TRAIN] Epoch 24 train done  868s  loss=0.0110  bis=0.0016  phase=0.0740  stim=0.0377  pkd=0.0000  vd=0.0000  dp=0.0000  dv=0.0000  trans=0.0000  sps=146678
[2026-05-14 06:44:15][EPOCH] Epoch 24/200 val start
[2026-05-14 06:44:34][VAL] Epoch 24 val done  19s  vMAE=5.55  EMA=5.49  vInd=9.71  vRec=10.36  PhAcc=98.2%  StAUC=0.778  ni=8/70  elapsed=5:54:53  eta=43:22:35
[2026-05-14 06:44:34][EPOCH] Epoch 25/200 train start  phase=2  (elapsed=5:54:53)
[2026-05-14 06:59:02][TRAIN] Epoch 25 train done  868s  loss=0.0106  bis=0.0015  phase=0.0684  stim=0.0368  pkd=0.0000  vd=0.0000  dp=0.0000  dv=0.0000  trans=0.0000  sps=146548
[2026-05-14 06:59:02][EPOCH] Epoch 25/200 val start
[2026-05-14 06:59:21][VAL] Epoch 25 val done  19s  vMAE=6.15  EMA=5.69  vInd=8.65  vRec=7.58  PhAcc=98.0%  StAUC=0.780  ni=9/70  elapsed=6:09:41  eta=43:07:47
[2026-05-14 06:59:21][EPOCH] Epoch 26/200 train start  phase=2  (elapsed=6:09:41)
[2026-05-14 07:13:49][TRAIN] Epoch 26 train done  868s  loss=0.0104  bis=0.0015  phase=0.0680  stim=0.0358  pkd=0.0000  vd=0.0000  dp=0.0000  dv=0.0000  trans=0.0000  sps=146557
[2026-05-14 07:13:49][EPOCH] Epoch 26/200 val start
[2026-05-14 07:14:09][VAL] Epoch 26 val done  19s  vMAE=5.66  EMA=5.68  vInd=8.48  vRec=7.72  PhAcc=98.1%  StAUC=0.787  ni=10/70  elapsed=6:24:28  eta=42:53:00
[2026-05-14 07:14:09][EPOCH] Epoch 27/200 train start  phase=2  (elapsed=6:24:28)
[2026-05-14 07:28:36][TRAIN] Epoch 27 train done  867s  loss=0.0102  bis=0.0015  phase=0.0643  stim=0.0351  pkd=0.0000  vd=0.0000  dp=0.0000  dv=0.0000  trans=0.0000  sps=147162
[2026-05-14 07:28:36][EPOCH] Epoch 27/200 val start
[2026-05-14 07:28:55][CKPT] Checkpoint saved  epoch=27  val_MAE=4.61 BIS  path=outputs\checkpoints\v13\best_model_v3.pt
[2026-05-14 07:28:55][VAL] Epoch 27 val done  19s  vMAE=4.61  EMA=5.36  vInd=8.25  vRec=7.07  PhAcc=98.4%  StAUC=0.813  ni=11/70  elapsed=6:39:14  eta=42:38:08
[2026-05-14 07:28:55][EPOCH] Epoch 28/200 train start  phase=2  (elapsed=6:39:14)
[2026-05-14 07:43:23][TRAIN] Epoch 28 train done  868s  loss=0.0101  bis=0.0015  phase=0.0631  stim=0.0348  pkd=0.0000  vd=0.0000  dp=0.0000  dv=0.0000  trans=0.0000  sps=146487
[2026-05-14 07:43:23][EPOCH] Epoch 28/200 val start
[2026-05-14 07:43:43][VAL] Epoch 28 val done  19s  vMAE=5.47  EMA=5.39  vInd=9.15  vRec=9.18  PhAcc=98.3%  StAUC=0.778  ni=12/70  elapsed=6:54:02  eta=42:23:22
[2026-05-14 07:43:43][EPOCH] Epoch 29/200 train start  phase=2  (elapsed=6:54:02)
[2026-05-14 07:58:10][TRAIN] Epoch 29 train done  867s  loss=0.0100  bis=0.0015  phase=0.0613  stim=0.0344  pkd=0.0000  vd=0.0000  dp=0.0000  dv=0.0000  trans=0.0000  sps=147150
[2026-05-14 07:58:10][EPOCH] Epoch 29/200 val start
[2026-05-14 07:58:29][VAL] Epoch 29 val done  19s  vMAE=5.50  EMA=5.42  vInd=9.09  vRec=8.69  PhAcc=98.3%  StAUC=0.789  ni=13/70  elapsed=7:08:48  eta=42:08:31
[2026-05-14 07:58:29][EPOCH] Epoch 30/200 train start  phase=2  (elapsed=7:08:48)
[2026-05-14 08:12:57][TRAIN] Epoch 30 train done  868s  loss=0.0099  bis=0.0015  phase=0.0614  stim=0.0341  pkd=0.0000  vd=0.0000  dp=0.0000  dv=0.0000  trans=0.0000  sps=146631
[2026-05-14 08:12:57][EPOCH] Epoch 30/200 val start
[2026-05-14 08:13:16][VAL] Epoch 30 val done  19s  vMAE=5.31  EMA=5.39  vInd=8.55  vRec=7.29  PhAcc=98.2%  StAUC=0.797  ni=14/70  elapsed=7:23:36  eta=41:53:45
[2026-05-14 08:13:16][EPOCH] Epoch 31/200 train start  phase=2  (elapsed=7:23:36)
[2026-05-14 08:27:44][TRAIN] Epoch 31 train done  868s  loss=0.0114  bis=0.0016  phase=0.0851  stim=0.0376  pkd=0.0000  vd=0.0000  dp=0.0000  dv=0.0000  trans=0.0000  sps=147042
[2026-05-14 08:27:44][EPOCH] Epoch 31/200 val start
[2026-05-14 08:28:03][VAL] Epoch 31 val done  19s  vMAE=7.40  EMA=5.99  vInd=8.21  vRec=6.94  PhAcc=95.8%  StAUC=0.794  ni=15/70  elapsed=7:38:23  eta=41:38:57
[2026-05-14 08:28:03][EPOCH] Epoch 32/200 train start  phase=2  (elapsed=7:38:23)
[2026-05-14 08:42:31][TRAIN] Epoch 32 train done  868s  loss=0.0112  bis=0.0016  phase=0.0813  stim=0.0369  pkd=0.0000  vd=0.0000  dp=0.0000  dv=0.0000  trans=0.0000  sps=146861
[2026-05-14 08:42:31][EPOCH] Epoch 32/200 val start
[2026-05-14 08:42:51][VAL] Epoch 32 val done  19s  vMAE=5.38  EMA=5.81  vInd=8.71  vRec=7.36  PhAcc=97.7%  StAUC=0.781  ni=16/70  elapsed=7:53:10  eta=41:24:09
[2026-05-14 08:42:51][EPOCH] Epoch 33/200 train start  phase=2  (elapsed=7:53:10)
[2026-05-14 08:57:18][TRAIN] Epoch 33 train done  868s  loss=0.0109  bis=0.0016  phase=0.0765  stim=0.0363  pkd=0.0000  vd=0.0000  dp=0.0000  dv=0.0000  trans=0.0000  sps=146983
[2026-05-14 08:57:18][EPOCH] Epoch 33/200 val start
[2026-05-14 08:57:38][VAL] Epoch 33 val done  19s  vMAE=5.35  EMA=5.67  vInd=8.82  vRec=7.36  PhAcc=97.8%  StAUC=0.807  ni=17/70  elapsed=8:07:57  eta=41:09:21
[2026-05-14 08:57:38][EPOCH] Epoch 34/200 train start  phase=2  (elapsed=8:07:57)
[2026-05-14 09:12:05][TRAIN] Epoch 34 train done  868s  loss=0.0106  bis=0.0016  phase=0.0712  stim=0.0355  pkd=0.0000  vd=0.0000  dp=0.0000  dv=0.0000  trans=0.0000  sps=146984
[2026-05-14 09:12:05][EPOCH] Epoch 34/200 val start
[2026-05-14 09:12:25][VAL] Epoch 34 val done  19s  vMAE=5.57  EMA=5.64  vInd=9.56  vRec=9.37  PhAcc=98.0%  StAUC=0.795  ni=18/70  elapsed=8:22:44  eta=40:54:33
[2026-05-14 09:12:25][CURRICULUM] >>> Entering Curriculum Phase 3 at epoch 35 <<<
[2026-05-14 09:12:25][EPOCH] Epoch 35/200 train start  phase=3  (elapsed=8:22:44)
[2026-05-14 09:27:24][TRAIN] Epoch 35 train done  899s  loss=0.0103  bis=0.0016  phase=0.0686  stim=0.0344  pkd=0.0067  vd=0.0000  dp=1.3680  dv=0.0000  trans=0.0019  sps=132337
[2026-05-14 09:27:24][EPOCH] Epoch 35/200 val start
[2026-05-14 09:27:43][VAL] Epoch 35 val done  19s  vMAE=4.99  EMA=5.44  vInd=9.13  vRec=7.25  PhAcc=98.1%  StAUC=0.816  ni=19/70  elapsed=8:38:02  eta=40:42:13
[2026-05-14 09:27:43][EPOCH] Epoch 36/200 train start  phase=3  (elapsed=8:38:02)
[2026-05-14 09:42:39][TRAIN] Epoch 36 train done  896s  loss=0.0125  bis=0.0015  phase=0.0643  stim=0.0331  pkd=0.0049  vd=0.0000  dp=0.3634  dv=0.0000  trans=0.0013  sps=133614
[2026-05-14 09:42:39][EPOCH] Epoch 36/200 val start
[2026-05-14 09:42:59][VAL] Epoch 36 val done  19s  vMAE=5.69  EMA=5.52  vInd=9.67  vRec=7.97  PhAcc=98.2%  StAUC=0.809  ni=20/70  elapsed=8:53:18  eta=40:29:30
[2026-05-14 09:42:59][EPOCH] Epoch 37/200 train start  phase=3  (elapsed=8:53:18)
[2026-05-14 09:57:56][TRAIN] Epoch 37 train done  898s  loss=0.0130  bis=0.0015  phase=0.0610  stim=0.0319  pkd=0.0047  vd=0.0000  dp=0.2258  dv=0.0000  trans=0.0010  sps=132891
[2026-05-14 09:57:56][EPOCH] Epoch 37/200 val start
[2026-05-14 09:58:16][VAL] Epoch 37 val done  19s  vMAE=5.69  EMA=5.57  vInd=8.62  vRec=6.52  PhAcc=98.1%  StAUC=0.788  ni=21/70  elapsed=9:08:35  eta=40:16:45
[2026-05-14 09:58:16][EPOCH] Epoch 38/200 train start  phase=3  (elapsed=9:08:35)
[2026-05-14 10:13:12][TRAIN] Epoch 38 train done  896s  loss=0.0136  bis=0.0015  phase=0.0569  stim=0.0307  pkd=0.0047  vd=0.0000  dp=0.1837  dv=0.0000  trans=0.0008  sps=133648
[2026-05-14 10:13:12][EPOCH] Epoch 38/200 val start
[2026-05-14 10:13:31][VAL] Epoch 38 val done  19s  vMAE=6.30  EMA=5.79  vInd=9.76  vRec=7.67  PhAcc=98.0%  StAUC=0.767  ni=22/70  elapsed=9:23:50  eta=40:03:46
[2026-05-14 10:13:31][EPOCH] Epoch 39/200 train start  phase=3  (elapsed=9:23:50)
[2026-05-14 10:28:30][TRAIN] Epoch 39 train done  899s  loss=0.0140  bis=0.0015  phase=0.0532  stim=0.0294  pkd=0.0046  vd=0.0000  dp=0.1564  dv=0.0000  trans=0.0007  sps=132443
[2026-05-14 10:28:30][EPOCH] Epoch 39/200 val start
[2026-05-14 10:28:49][VAL] Epoch 39 val done  19s  vMAE=6.46  EMA=5.99  vInd=9.17  vRec=7.84  PhAcc=97.9%  StAUC=0.759  ni=23/70  elapsed=9:39:08  eta=39:50:50
[2026-05-14 10:28:49][EPOCH] Epoch 40/200 train start  phase=3  (elapsed=9:39:08)
[2026-05-14 10:43:49][TRAIN] Epoch 40 train done  900s  loss=0.0144  bis=0.0015  phase=0.0514  stim=0.0282  pkd=0.0045  vd=0.0000  dp=0.1376  dv=0.0000  trans=0.0007  sps=132421
[2026-05-14 10:43:49][EPOCH] Epoch 40/200 val start
[2026-05-14 10:44:09][VAL] Epoch 40 val done  19s  vMAE=5.68  EMA=5.90  vInd=10.14  vRec=9.84  PhAcc=98.5%  StAUC=0.757  ni=24/70  elapsed=9:54:28  eta=39:37:53
[2026-05-14 10:44:09][EPOCH] Epoch 41/200 train start  phase=3  (elapsed=9:54:28)
[2026-05-14 10:59:07][TRAIN] Epoch 41 train done  898s  loss=0.0139  bis=0.0014  phase=0.0496  stim=0.0269  pkd=0.0045  vd=0.0000  dp=0.1300  dv=0.0000  trans=0.0007  sps=133251
[2026-05-14 10:59:07][EPOCH] Epoch 41/200 val start
[2026-05-14 10:59:26][VAL] Epoch 41 val done  19s  vMAE=5.41  EMA=5.75  vInd=9.22  vRec=7.74  PhAcc=98.3%  StAUC=0.786  ni=25/70  elapsed=10:09:45  eta=39:24:41
[2026-05-14 10:59:26][EPOCH] Epoch 42/200 train start  phase=3  (elapsed=10:09:45)
[2026-05-14 11:14:27][TRAIN] Epoch 42 train done  901s  loss=0.0135  bis=0.0014  phase=0.0471  stim=0.0260  pkd=0.0045  vd=0.0000  dp=0.1271  dv=0.0000  trans=0.0007  sps=131776
[2026-05-14 11:14:27][EPOCH] Epoch 42/200 val start
[2026-05-14 11:14:46][VAL] Epoch 42 val done  19s  vMAE=5.65  EMA=5.72  vInd=9.74  vRec=8.78  PhAcc=98.4%  StAUC=0.764  ni=26/70  elapsed=10:25:06  eta=39:11:35
[2026-05-14 11:14:46][EPOCH] Epoch 43/200 train start  phase=3  (elapsed=10:25:06)
[2026-05-14 11:29:43][TRAIN] Epoch 43 train done  897s  loss=0.0133  bis=0.0014  phase=0.0466  stim=0.0253  pkd=0.0045  vd=0.0000  dp=0.1252  dv=0.0000  trans=0.0007  sps=133755
[2026-05-14 11:29:43][EPOCH] Epoch 43/200 val start
[2026-05-14 11:30:03][VAL] Epoch 43 val done  19s  vMAE=5.85  EMA=5.76  vInd=10.00  vRec=9.08  PhAcc=98.2%  StAUC=0.755  ni=27/70  elapsed=10:40:22  eta=38:58:06
[2026-05-14 11:30:03][EPOCH] Epoch 44/200 train start  phase=3  (elapsed=10:40:22)
[2026-05-14 11:45:01][TRAIN] Epoch 44 train done  898s  loss=0.0131  bis=0.0014  phase=0.0461  stim=0.0245  pkd=0.0045  vd=0.0000  dp=0.1230  dv=0.0000  trans=0.0007  sps=133318
[2026-05-14 11:45:01][EPOCH] Epoch 44/200 val start
[2026-05-14 11:45:20][VAL] Epoch 44 val done  19s  vMAE=5.87  EMA=5.79  vInd=9.48  vRec=8.54  PhAcc=98.3%  StAUC=0.754  ni=28/70  elapsed=10:55:39  eta=38:44:37
[2026-05-14 11:45:20][EPOCH] Epoch 45/200 train start  phase=3  (elapsed=10:55:39)
[2026-05-14 12:00:16][TRAIN] Epoch 45 train done  896s  loss=0.0130  bis=0.0014  phase=0.0444  stim=0.0243  pkd=0.0045  vd=0.0000  dp=0.1219  dv=0.0000  trans=0.0007  sps=134288
[2026-05-14 12:00:16][EPOCH] Epoch 45/200 val start
[2026-05-14 12:00:35][VAL] Epoch 45 val done  19s  vMAE=5.55  EMA=5.72  vInd=9.62  vRec=8.86  PhAcc=98.3%  StAUC=0.758  ni=29/70  elapsed=11:10:55  eta=38:30:56
[2026-05-14 12:00:35][EPOCH] Epoch 46/200 train start  phase=3  (elapsed=11:10:55)
[2026-05-14 12:15:33][TRAIN] Epoch 46 train done  898s  loss=0.0144  bis=0.0015  phase=0.0624  stim=0.0295  pkd=0.0045  vd=0.0000  dp=0.1157  dv=0.0000  trans=0.0007  sps=132928
[2026-05-14 12:15:33][EPOCH] Epoch 46/200 val start
[2026-05-14 12:15:53][VAL] Epoch 46 val done  19s  vMAE=6.69  EMA=6.01  vInd=9.03  vRec=7.67  PhAcc=97.7%  StAUC=0.795  ni=30/70  elapsed=11:26:12  eta=38:17:19
[2026-05-14 12:15:53][EPOCH] Epoch 47/200 train start  phase=3  (elapsed=11:26:12)
[2026-05-14 12:30:51][TRAIN] Epoch 47 train done  898s  loss=0.0135  bis=0.0015  phase=0.0588  stim=0.0291  pkd=0.0045  vd=0.0000  dp=0.0947  dv=0.0000  trans=0.0007  sps=132820
[2026-05-14 12:30:51][EPOCH] Epoch 47/200 val start
[2026-05-14 12:31:11][VAL] Epoch 47 val done  19s  vMAE=6.11  EMA=6.04  vInd=11.00  vRec=10.07  PhAcc=98.3%  StAUC=0.733  ni=31/70  elapsed=11:41:30  eta=38:03:38
[2026-05-14 12:31:11][EPOCH] Epoch 48/200 train start  phase=3  (elapsed=11:41:30)
[2026-05-14 12:46:09][TRAIN] Epoch 48 train done  898s  loss=0.0130  bis=0.0015  phase=0.0569  stim=0.0282  pkd=0.0044  vd=0.0000  dp=0.0846  dv=0.0000  trans=0.0006  sps=132916
[2026-05-14 12:46:09][EPOCH] Epoch 48/200 val start
[2026-05-14 12:46:28][VAL] Epoch 48 val done  19s  vMAE=5.48  EMA=5.87  vInd=9.88  vRec=8.58  PhAcc=98.0%  StAUC=0.787  ni=32/70  elapsed=11:56:48  eta=37:49:52
[2026-05-14 12:46:28][EPOCH] Epoch 49/200 train start  phase=3  (elapsed=11:56:48)
[2026-05-14 13:01:26][TRAIN] Epoch 49 train done  898s  loss=0.0125  bis=0.0015  phase=0.0564  stim=0.0270  pkd=0.0044  vd=0.0000  dp=0.0748  dv=0.0000  trans=0.0006  sps=132871
[2026-05-14 13:01:26][EPOCH] Epoch 49/200 val start
[2026-05-14 13:01:46][VAL] Epoch 49 val done  19s  vMAE=6.04  EMA=5.92  vInd=9.78  vRec=9.05  PhAcc=98.3%  StAUC=0.766  ni=33/70  elapsed=12:12:05  eta=37:36:02
[2026-05-14 13:01:46][EPOCH] Epoch 50/200 train start  phase=3  (elapsed=12:12:05)
[2026-05-14 13:16:41][TRAIN] Epoch 50 train done  896s  loss=0.0119  bis=0.0015  phase=0.0539  stim=0.0257  pkd=0.0044  vd=0.0000  dp=0.0650  dv=0.0000  trans=0.0006  sps=134194
[2026-05-14 13:16:41][EPOCH] Epoch 50/200 val start
[2026-05-14 13:17:01][VAL] Epoch 50 val done  19s  vMAE=6.12  EMA=5.98  vInd=9.66  vRec=8.62  PhAcc=98.3%  StAUC=0.738  ni=34/70  elapsed=12:27:20  eta=37:22:01
[2026-05-14 13:17:01][EPOCH] Epoch 51/200 train start  phase=3  (elapsed=12:27:20)
[2026-05-14 13:31:58][TRAIN] Epoch 51 train done  897s  loss=0.0113  bis=0.0014  phase=0.0507  stim=0.0244  pkd=0.0044  vd=0.0000  dp=0.0588  dv=0.0000  trans=0.0006  sps=133422
[2026-05-14 13:31:58][EPOCH] Epoch 51/200 val start
[2026-05-14 13:32:17][VAL] Epoch 51 val done  19s  vMAE=4.80  EMA=5.63  vInd=8.91  vRec=7.72  PhAcc=98.5%  StAUC=0.769  ni=35/70  elapsed=12:42:37  eta=37:08:02
[2026-05-14 13:32:17][EPOCH] Epoch 52/200 train start  phase=3  (elapsed=12:42:37)
[2026-05-14 13:47:15][TRAIN] Epoch 52 train done  898s  loss=0.0109  bis=0.0014  phase=0.0474  stim=0.0231  pkd=0.0044  vd=0.0000  dp=0.0563  dv=0.0000  trans=0.0006  sps=132887
[2026-05-14 13:47:15][EPOCH] Epoch 52/200 val start
[2026-05-14 13:47:35][VAL] Epoch 52 val done  19s  vMAE=5.39  EMA=5.56  vInd=10.51  vRec=9.42  PhAcc=98.4%  StAUC=0.749  ni=36/70  elapsed=12:57:54  eta=36:54:03
[2026-05-14 13:47:35][EPOCH] Epoch 53/200 train start  phase=3  (elapsed=12:57:54)
[2026-05-14 14:02:31][TRAIN] Epoch 53 train done  896s  loss=0.0105  bis=0.0014  phase=0.0437  stim=0.0217  pkd=0.0043  vd=0.0000  dp=0.0523  dv=0.0000  trans=0.0006  sps=133901
[2026-05-14 14:02:31][EPOCH] Epoch 53/200 val start
[2026-05-14 14:02:50][VAL] Epoch 53 val done  19s  vMAE=5.12  EMA=5.43  vInd=8.94  vRec=7.03  PhAcc=98.3%  StAUC=0.757  ni=37/70  elapsed=13:13:10  eta=36:39:54
[2026-05-14 14:02:50][EPOCH] Epoch 54/200 train start  phase=3  (elapsed=13:13:10)
[2026-05-14 14:17:50][TRAIN] Epoch 54 train done  900s  loss=0.0101  bis=0.0014  phase=0.0410  stim=0.0205  pkd=0.0043  vd=0.0000  dp=0.0512  dv=0.0000  trans=0.0006  sps=132199
[2026-05-14 14:17:50][EPOCH] Epoch 54/200 val start
[2026-05-14 14:18:09][VAL] Epoch 54 val done  19s  vMAE=6.33  EMA=5.70  vInd=9.91  vRec=9.89  PhAcc=98.4%  StAUC=0.724  ni=38/70  elapsed=13:28:29  eta=36:25:54
[2026-05-14 14:18:09][EPOCH] Epoch 55/200 train start  phase=3  (elapsed=13:28:29)
[2026-05-14 14:33:05][TRAIN] Epoch 55 train done  895s  loss=0.0098  bis=0.0014  phase=0.0396  stim=0.0193  pkd=0.0043  vd=0.0000  dp=0.0490  dv=0.0000  trans=0.0006  sps=134438
[2026-05-14 14:33:05][EPOCH] Epoch 55/200 val start
[2026-05-14 14:33:24][VAL] Epoch 55 val done  19s  vMAE=6.21  EMA=5.85  vInd=10.05  vRec=9.05  PhAcc=98.4%  StAUC=0.709  ni=39/70  elapsed=13:43:44  eta=36:11:39
[2026-05-14 14:33:24][EPOCH] Epoch 56/200 train start  phase=3  (elapsed=13:43:44)
[2026-05-14 14:48:23][TRAIN] Epoch 56 train done  899s  loss=0.0095  bis=0.0014  phase=0.0374  stim=0.0182  pkd=0.0043  vd=0.0000  dp=0.0477  dv=0.0000  trans=0.0006  sps=132540
[2026-05-14 14:48:23][EPOCH] Epoch 56/200 val start
[2026-05-14 14:48:43][VAL] Epoch 56 val done  19s  vMAE=5.29  EMA=5.68  vInd=10.38  vRec=8.69  PhAcc=98.4%  StAUC=0.729  ni=40/70  elapsed=13:59:02  eta=35:57:32
[2026-05-14 14:48:43][EPOCH] Epoch 57/200 train start  phase=3  (elapsed=13:59:02)
[2026-05-14 15:03:39][TRAIN] Epoch 57 train done  896s  loss=0.0093  bis=0.0014  phase=0.0354  stim=0.0171  pkd=0.0043  vd=0.0000  dp=0.0477  dv=0.0000  trans=0.0006  sps=133991
[2026-05-14 15:03:39][EPOCH] Epoch 57/200 val start
[2026-05-14 15:03:59][VAL] Epoch 57 val done  19s  vMAE=5.36  EMA=5.59  vInd=9.61  vRec=8.25  PhAcc=98.5%  StAUC=0.755  ni=41/70  elapsed=14:14:18  eta=35:43:16
[2026-05-14 15:03:59][EPOCH] Epoch 58/200 train start  phase=3  (elapsed=14:14:18)
[2026-05-14 15:18:58][TRAIN] Epoch 58 train done  899s  loss=0.0091  bis=0.0013  phase=0.0349  stim=0.0165  pkd=0.0043  vd=0.0000  dp=0.0473  dv=0.0000  trans=0.0006  sps=132672
[2026-05-14 15:18:58][EPOCH] Epoch 58/200 val start
[2026-05-14 15:19:17][VAL] Epoch 58 val done  19s  vMAE=5.11  EMA=5.44  vInd=9.55  vRec=7.95  PhAcc=98.5%  StAUC=0.729  ni=42/70  elapsed=14:29:37  eta=35:29:04
[2026-05-14 15:19:17][EPOCH] Epoch 59/200 train start  phase=3  (elapsed=14:29:37)
[2026-05-14 15:34:17][TRAIN] Epoch 59 train done  899s  loss=0.0090  bis=0.0013  phase=0.0336  stim=0.0160  pkd=0.0043  vd=0.0000  dp=0.0474  dv=0.0000  trans=0.0006  sps=132589
[2026-05-14 15:34:17][EPOCH] Epoch 59/200 val start
[2026-05-14 15:34:36][VAL] Epoch 59 val done  19s  vMAE=5.39  EMA=5.43  vInd=9.47  vRec=7.78  PhAcc=98.5%  StAUC=0.729  ni=43/70  elapsed=14:44:56  eta=35:14:50
[2026-05-14 15:34:36][EPOCH] Epoch 60/200 train start  phase=3  (elapsed=14:44:56)
[2026-05-14 15:49:33][TRAIN] Epoch 60 train done  897s  loss=0.0089  bis=0.0013  phase=0.0328  stim=0.0158  pkd=0.0043  vd=0.0000  dp=0.0475  dv=0.0000  trans=0.0006  sps=133889
[2026-05-14 15:49:33][EPOCH] Epoch 60/200 val start
[2026-05-14 15:49:53][VAL] Epoch 60 val done  19s  vMAE=6.00  EMA=5.60  vInd=10.33  vRec=9.34  PhAcc=98.4%  StAUC=0.714  ni=44/70  elapsed=15:00:12  eta=35:00:28
[2026-05-14 15:49:53][EPOCH] Epoch 61/200 train start  phase=3  (elapsed=15:00:12)
[2026-05-14 16:04:52][TRAIN] Epoch 61 train done  899s  loss=0.0108  bis=0.0015  phase=0.0501  stim=0.0224  pkd=0.0043  vd=0.0000  dp=0.0518  dv=0.0000  trans=0.0006  sps=132677
[2026-05-14 16:04:52][EPOCH] Epoch 61/200 val start
[2026-05-14 16:05:11][VAL] Epoch 61 val done  19s  vMAE=5.57  EMA=5.59  vInd=8.97  vRec=8.11  PhAcc=98.4%  StAUC=0.727  ni=45/70  elapsed=15:15:31  eta=34:46:10
[2026-05-14 16:05:11][EPOCH] Epoch 62/200 train start  phase=3  (elapsed=15:15:31)
[2026-05-14 16:20:08][TRAIN] Epoch 62 train done  897s  loss=0.0104  bis=0.0014  phase=0.0470  stim=0.0213  pkd=0.0043  vd=0.0000  dp=0.0486  dv=0.0000  trans=0.0006  sps=133931
[2026-05-14 16:20:08][EPOCH] Epoch 62/200 val start
[2026-05-14 16:20:27][VAL] Epoch 62 val done  19s  vMAE=5.68  EMA=5.62  vInd=10.67  vRec=8.74  PhAcc=98.3%  StAUC=0.714  ni=46/70  elapsed=15:30:47  eta=34:31:45
[2026-05-14 16:20:27][EPOCH] Epoch 63/200 train start  phase=3  (elapsed=15:30:47)
[2026-05-14 16:35:26][TRAIN] Epoch 63 train done  899s  loss=0.0102  bis=0.0014  phase=0.0461  stim=0.0207  pkd=0.0043  vd=0.0000  dp=0.0472  dv=0.0000  trans=0.0006  sps=132926
[2026-05-14 16:35:26][EPOCH] Epoch 63/200 val start
[2026-05-14 16:35:46][VAL] Epoch 63 val done  19s  vMAE=5.84  EMA=5.69  vInd=10.79  vRec=9.93  PhAcc=98.2%  StAUC=0.740  ni=47/70  elapsed=15:46:05  eta=34:17:22
[2026-05-14 16:35:46][EPOCH] Epoch 64/200 train start  phase=3  (elapsed=15:46:05)
[2026-05-14 16:50:45][TRAIN] Epoch 64 train done  899s  loss=0.0099  bis=0.0014  phase=0.0433  stim=0.0196  pkd=0.0043  vd=0.0000  dp=0.0439  dv=0.0000  trans=0.0006  sps=132558
[2026-05-14 16:50:45][EPOCH] Epoch 64/200 val start
[2026-05-14 16:51:04][CKPT] Checkpoint saved  epoch=64  val_MAE=4.57 BIS  path=outputs\checkpoints\v13\best_model_v3.pt
[2026-05-14 16:51:04][VAL] Epoch 64 val done  19s  vMAE=4.57  EMA=5.35  vInd=9.32  vRec=7.22  PhAcc=98.6%  StAUC=0.755  ni=48/70  elapsed=16:01:24  eta=34:02:58
[2026-05-14 16:51:04][EPOCH] Epoch 65/200 train start  phase=3  (elapsed=16:01:24)
[2026-05-14 17:06:04][TRAIN] Epoch 65 train done  899s  loss=0.0094  bis=0.0014  phase=0.0396  stim=0.0186  pkd=0.0043  vd=0.0000  dp=0.0399  dv=0.0000  trans=0.0006  sps=132591
[2026-05-14 17:06:04][EPOCH] Epoch 65/200 val start
[2026-05-14 17:06:23][VAL] Epoch 65 val done  19s  vMAE=5.18  EMA=5.30  vInd=9.99  vRec=9.35  PhAcc=98.6%  StAUC=0.764  ni=49/70  elapsed=16:16:42  eta=33:48:33
[2026-05-14 17:06:23][EPOCH] Epoch 66/200 train start  phase=3  (elapsed=16:16:42)
[2026-05-14 17:21:22][TRAIN] Epoch 66 train done  899s  loss=0.0092  bis=0.0014  phase=0.0388  stim=0.0177  pkd=0.0043  vd=0.0000  dp=0.0364  dv=0.0000  trans=0.0006  sps=132707
[2026-05-14 17:21:22][EPOCH] Epoch 66/200 val start
[2026-05-14 17:21:42][VAL] Epoch 66 val done  19s  vMAE=5.29  EMA=5.30  vInd=10.24  vRec=9.77  PhAcc=98.5%  StAUC=0.759  ni=50/70  elapsed=16:32:01  eta=33:34:06
[2026-05-14 17:21:42][EPOCH] Epoch 67/200 train start  phase=3  (elapsed=16:32:01)
[2026-05-14 17:36:38][TRAIN] Epoch 67 train done  896s  loss=0.0088  bis=0.0014  phase=0.0379  stim=0.0163  pkd=0.0043  vd=0.0000  dp=0.0355  dv=0.0000  trans=0.0006  sps=134189
[2026-05-14 17:36:38][EPOCH] Epoch 67/200 val start
[2026-05-14 17:36:57][VAL] Epoch 67 val done  19s  vMAE=5.33  EMA=5.31  vInd=10.06  vRec=8.02  PhAcc=98.2%  StAUC=0.751  ni=51/70  elapsed=16:47:17  eta=33:19:32
[2026-05-14 17:36:57][EPOCH] Epoch 68/200 train start  phase=3  (elapsed=16:47:17)
[2026-05-14 17:51:58][TRAIN] Epoch 68 train done  900s  loss=0.0085  bis=0.0014  phase=0.0341  stim=0.0152  pkd=0.0043  vd=0.0000  dp=0.0345  dv=0.0000  trans=0.0006  sps=132199
[2026-05-14 17:51:58][EPOCH] Epoch 68/200 val start
[2026-05-14 17:52:17][VAL] Epoch 68 val done  19s  vMAE=5.95  EMA=5.50  vInd=10.21  vRec=8.65  PhAcc=98.2%  StAUC=0.719  ni=52/70  elapsed=17:02:36  eta=33:05:04
[2026-05-14 17:52:17][EPOCH] Epoch 69/200 train start  phase=3  (elapsed=17:02:36)
[2026-05-14 18:07:14][TRAIN] Epoch 69 train done  897s  loss=0.0083  bis=0.0013  phase=0.0322  stim=0.0142  pkd=0.0042  vd=0.0000  dp=0.0343  dv=0.0000  trans=0.0006  sps=133946
[2026-05-14 18:07:14][EPOCH] Epoch 69/200 val start
[2026-05-14 18:07:33][VAL] Epoch 69 val done  19s  vMAE=6.08  EMA=5.67  vInd=9.52  vRec=8.97  PhAcc=98.4%  StAUC=0.738  ni=53/70  elapsed=17:17:52  eta=32:50:28
[2026-05-14 18:07:33][EPOCH] Epoch 70/200 train start  phase=3  (elapsed=17:17:52)
[2026-05-14 18:22:33][TRAIN] Epoch 70 train done  900s  loss=0.0080  bis=0.0013  phase=0.0303  stim=0.0130  pkd=0.0042  vd=0.0000  dp=0.0353  dv=0.0000  trans=0.0006  sps=132549
[2026-05-14 18:22:33][EPOCH] Epoch 70/200 val start
[2026-05-14 18:22:52][VAL] Epoch 70 val done  19s  vMAE=5.63  EMA=5.66  vInd=9.79  vRec=8.65  PhAcc=98.5%  StAUC=0.713  ni=54/70  elapsed=17:33:11  eta=32:35:56
[2026-05-14 18:22:52][EPOCH] Epoch 71/200 train start  phase=3  (elapsed=17:33:11)
[2026-05-14 18:37:50][TRAIN] Epoch 71 train done  898s  loss=0.0078  bis=0.0013  phase=0.0292  stim=0.0123  pkd=0.0042  vd=0.0000  dp=0.0352  dv=0.0000  trans=0.0006  sps=133101
[2026-05-14 18:37:50][EPOCH] Epoch 71/200 val start
[2026-05-14 18:38:10][VAL] Epoch 71 val done  19s  vMAE=5.32  EMA=5.56  vInd=9.61  vRec=8.73  PhAcc=98.5%  StAUC=0.721  ni=55/70  elapsed=17:48:29  eta=32:21:20
[2026-05-14 18:38:10][EPOCH] Epoch 72/200 train start  phase=3  (elapsed=17:48:29)
[2026-05-14 18:53:08][TRAIN] Epoch 72 train done  898s  loss=0.0077  bis=0.0013  phase=0.0278  stim=0.0115  pkd=0.0042  vd=0.0000  dp=0.0351  dv=0.0000  trans=0.0006  sps=133806
[2026-05-14 18:53:08][EPOCH] Epoch 72/200 val start
[2026-05-14 18:53:27][VAL] Epoch 72 val done  19s  vMAE=5.71  EMA=5.61  vInd=9.92  vRec=8.71  PhAcc=98.4%  StAUC=0.693  ni=56/70  elapsed=18:03:46  eta=32:06:43
[2026-05-14 18:53:27][EPOCH] Epoch 73/200 train start  phase=3  (elapsed=18:03:46)
[2026-05-14 19:08:26][TRAIN] Epoch 73 train done  899s  loss=0.0075  bis=0.0013  phase=0.0273  stim=0.0108  pkd=0.0042  vd=0.0000  dp=0.0348  dv=0.0000  trans=0.0006  sps=132957
[2026-05-14 19:08:26][EPOCH] Epoch 73/200 val start
[2026-05-14 19:08:46][VAL] Epoch 73 val done  19s  vMAE=6.08  EMA=5.75  vInd=9.57  vRec=8.23  PhAcc=98.4%  StAUC=0.712  ni=57/70  elapsed=18:19:05  eta=31:52:07
[2026-05-14 19:08:46][EPOCH] Epoch 74/200 train start  phase=3  (elapsed=18:19:05)
[2026-05-14 19:23:47][TRAIN] Epoch 74 train done  901s  loss=0.0074  bis=0.0013  phase=0.0259  stim=0.0106  pkd=0.0042  vd=0.0000  dp=0.0352  dv=0.0000  trans=0.0006  sps=132265
[2026-05-14 19:23:47][EPOCH] Epoch 74/200 val start
[2026-05-14 19:24:06][VAL] Epoch 74 val done  19s  vMAE=5.18  EMA=5.58  vInd=9.56  vRec=8.69  PhAcc=98.6%  StAUC=0.696  ni=58/70  elapsed=18:34:26  eta=31:37:33
[2026-05-14 19:24:06][EPOCH] Epoch 75/200 train start  phase=3  (elapsed=18:34:26)
[2026-05-14 19:39:09][TRAIN] Epoch 75 train done  902s  loss=0.0074  bis=0.0013  phase=0.0256  stim=0.0106  pkd=0.0042  vd=0.0000  dp=0.0351  dv=0.0000  trans=0.0006  sps=131853
[2026-05-14 19:39:09][EPOCH] Epoch 75/200 val start
[2026-05-14 19:39:28][VAL] Epoch 75 val done  19s  vMAE=5.43  EMA=5.53  vInd=9.73  vRec=8.70  PhAcc=98.5%  StAUC=0.708  ni=59/70  elapsed=18:49:47  eta=31:22:59
[2026-05-14 19:39:28][EPOCH] Epoch 76/200 train start  phase=3  (elapsed=18:49:47)
[2026-05-14 19:54:29][TRAIN] Epoch 76 train done  901s  loss=0.0090  bis=0.0014  phase=0.0395  stim=0.0168  pkd=0.0042  vd=0.0000  dp=0.0356  dv=0.0000  trans=0.0006  sps=132094
[2026-05-14 19:54:29][EPOCH] Epoch 76/200 val start
[2026-05-14 19:54:49][VAL] Epoch 76 val done  19s  vMAE=4.86  EMA=5.33  vInd=9.28  vRec=8.34  PhAcc=98.3%  StAUC=0.767  ni=60/70  elapsed=19:05:08  eta=31:08:23
[2026-05-14 19:54:49][EPOCH] Epoch 77/200 train start  phase=3  (elapsed=19:05:08)
[2026-05-14 20:10:03][TRAIN] Epoch 77 train done  914s  loss=0.0087  bis=0.0014  phase=0.0382  stim=0.0160  pkd=0.0042  vd=0.0000  dp=0.0325  dv=0.0000  trans=0.0006  sps=130523
[2026-05-14 20:10:03][EPOCH] Epoch 77/200 val start
[2026-05-14 20:10:22][VAL] Epoch 77 val done  20s  vMAE=5.48  EMA=5.38  vInd=9.53  vRec=8.32  PhAcc=98.4%  StAUC=0.734  ni=61/70  elapsed=19:20:42  eta=30:54:06
[2026-05-14 20:10:22][EPOCH] Epoch 78/200 train start  phase=3  (elapsed=19:20:42)
[2026-05-14 20:25:31][TRAIN] Epoch 78 train done  909s  loss=0.0086  bis=0.0014  phase=0.0379  stim=0.0153  pkd=0.0042  vd=0.0000  dp=0.0317  dv=0.0000  trans=0.0006  sps=131922
[2026-05-14 20:25:31][EPOCH] Epoch 78/200 val start
[2026-05-14 20:25:51][VAL] Epoch 78 val done  20s  vMAE=5.25  EMA=5.34  vInd=9.58  vRec=8.63  PhAcc=98.4%  StAUC=0.723  ni=62/70  elapsed=19:36:10  eta=30:39:40
[2026-05-14 20:25:51][EPOCH] Epoch 79/200 train start  phase=3  (elapsed=19:36:10)
[2026-05-14 20:40:51][TRAIN] Epoch 79 train done  900s  loss=0.0084  bis=0.0014  phase=0.0351  stim=0.0145  pkd=0.0042  vd=0.0000  dp=0.0331  dv=0.0000  trans=0.0006  sps=132796
[2026-05-14 20:40:51][EPOCH] Epoch 79/200 val start
[2026-05-14 20:41:11][VAL] Epoch 79 val done  20s  vMAE=5.29  EMA=5.33  vInd=9.78  vRec=8.59  PhAcc=98.4%  StAUC=0.745  ni=63/70  elapsed=19:51:30  eta=30:24:58
[2026-05-14 20:41:11][EPOCH] Epoch 80/200 train start  phase=3  (elapsed=19:51:30)
[2026-05-14 20:56:22][TRAIN] Epoch 80 train done  911s  loss=0.0081  bis=0.0014  phase=0.0333  stim=0.0134  pkd=0.0042  vd=0.0000  dp=0.0322  dv=0.0000  trans=0.0006  sps=131006
[2026-05-14 20:56:22][EPOCH] Epoch 80/200 val start
[2026-05-14 20:56:42][VAL] Epoch 80 val done  20s  vMAE=5.06  EMA=5.25  vInd=9.70  vRec=8.11  PhAcc=98.3%  StAUC=0.732  ni=64/70  elapsed=20:07:01  eta=30:10:32
[2026-05-14 20:56:42][EPOCH] Epoch 81/200 train start  phase=3  (elapsed=20:07:01)
[2026-05-14 21:11:56][TRAIN] Epoch 81 train done  914s  loss=0.0079  bis=0.0013  phase=0.0315  stim=0.0127  pkd=0.0042  vd=0.0000  dp=0.0315  dv=0.0000  trans=0.0006  sps=129863
[2026-05-14 21:11:56][EPOCH] Epoch 81/200 val start
[2026-05-14 21:12:16][VAL] Epoch 81 val done  20s  vMAE=5.86  EMA=5.43  vInd=9.49  vRec=8.91  PhAcc=98.5%  StAUC=0.718  ni=65/70  elapsed=20:22:35  eta=29:56:09
[2026-05-14 21:12:16][EPOCH] Epoch 82/200 train start  phase=3  (elapsed=20:22:35)
[2026-05-14 21:27:12][TRAIN] Epoch 82 train done  896s  loss=0.0077  bis=0.0013  phase=0.0300  stim=0.0119  pkd=0.0042  vd=0.0000  dp=0.0305  dv=0.0000  trans=0.0006  sps=133506
[2026-05-14 21:27:12][EPOCH] Epoch 82/200 val start
[2026-05-14 21:27:31][VAL] Epoch 82 val done  20s  vMAE=5.43  EMA=5.43  vInd=10.61  vRec=11.25  PhAcc=98.5%  StAUC=0.718  ni=66/70  elapsed=20:37:51  eta=29:41:18
[2026-05-14 21:27:31][EPOCH] Epoch 83/200 train start  phase=3  (elapsed=20:37:51)
[2026-05-14 21:42:24][TRAIN] Epoch 83 train done  893s  loss=0.0074  bis=0.0013  phase=0.0271  stim=0.0109  pkd=0.0042  vd=0.0000  dp=0.0297  dv=0.0000  trans=0.0006  sps=134349
[2026-05-14 21:42:24][EPOCH] Epoch 83/200 val start
[2026-05-14 21:42:44][VAL] Epoch 83 val done  20s  vMAE=5.91  EMA=5.57  vInd=9.74  vRec=8.54  PhAcc=98.2%  StAUC=0.704  ni=67/70  elapsed=20:53:03  eta=29:26:21
[2026-05-14 21:42:44][EPOCH] Epoch 84/200 train start  phase=3  (elapsed=20:53:03)
[2026-05-14 21:57:49][TRAIN] Epoch 84 train done  905s  loss=0.0071  bis=0.0013  phase=0.0256  stim=0.0099  pkd=0.0042  vd=0.0000  dp=0.0291  dv=0.0000  trans=0.0006  sps=132042
[2026-05-14 21:57:49][EPOCH] Epoch 84/200 val start
[2026-05-14 21:58:09][VAL] Epoch 84 val done  20s  vMAE=5.54  EMA=5.56  vInd=9.47  vRec=8.51  PhAcc=98.4%  StAUC=0.711  ni=68/70  elapsed=21:08:28  eta=29:11:42
[2026-05-14 21:58:09][EPOCH] Epoch 85/200 train start  phase=3  (elapsed=21:08:28)
[2026-05-14 22:13:18][TRAIN] Epoch 85 train done  908s  loss=0.0069  bis=0.0013  phase=0.0243  stim=0.0092  pkd=0.0041  vd=0.0000  dp=0.0284  dv=0.0000  trans=0.0006  sps=131626
[2026-05-14 22:13:18][EPOCH] Epoch 85/200 val start
[2026-05-14 22:13:37][VAL] Epoch 85 val done  20s  vMAE=4.95  EMA=5.38  vInd=9.46  vRec=8.63  PhAcc=98.6%  StAUC=0.726  ni=69/70  elapsed=21:23:57  eta=28:57:06
[2026-05-14 22:13:37][EPOCH] Epoch 86/200 train start  phase=3  (elapsed=21:23:57)
[2026-05-14 22:28:50][TRAIN] Epoch 86 train done  913s  loss=0.0067  bis=0.0013  phase=0.0227  stim=0.0084  pkd=0.0041  vd=0.0000  dp=0.0280  dv=0.0000  trans=0.0006  sps=131614
[2026-05-14 22:28:50][EPOCH] Epoch 86/200 val start
[2026-05-14 22:29:10][VAL] Epoch 86 val done  20s  vMAE=5.06  EMA=5.28  vInd=9.68  vRec=9.33  PhAcc=98.6%  StAUC=0.691  ni=70/70  elapsed=21:39:29  eta=28:42:34
[2026-05-14 22:29:10][STOP] Early stopping at epoch 86 (patience=70  no_improve=70  EMA=5.28)
[2026-05-14 22:29:10][DONE] Training complete.  Best val_MAE=4.57 BIS
