[2026-05-13 06:22:54][START] MERIDIAN (AnesthesiaNetV3) Training Start
[2026-05-13 06:22:54][CONFIG] device=cuda  AMP=True(torch.bfloat16)
[2026-05-13 06:22:54][CONFIG] params=622,892  epochs=200  patience=70  lr=1.00e-04  batch=32
[2026-05-13 06:22:54][CURRICULUM] Phase1: ep1-30  Phase2: ep31-60  Phase3: ep61+
[2026-05-13 06:22:54][CONFIG] steps/epoch=4,371  train_seqs=139,848  val_seqs=14,311
[2026-05-13 06:22:54][EPOCH] Epoch 1/200 train start  phase=1  (elapsed=0:00:00)
[2026-05-13 06:37:15][TRAIN] Epoch 1 train done  861s  loss=0.0065  bis=0.0029  phase=0.0133  stim=0.0000  pkd=0.0000  vd=0.0000  dp=0.0000  dv=0.0000  trans=0.0000  sps=151872
[2026-05-13 06:37:15][EPOCH] Epoch 1/200 val start
[2026-05-13 06:37:34][CKPT] Checkpoint saved  epoch=1  val_MAE=6.68 BIS  path=outputs\checkpoints\v12\best_model_v3.pt
[2026-05-13 06:37:34][VAL] Epoch 1 val done  19s  vMAE=6.68  EMA=6.68  vInd=  nan  vRec=  nan  PhAcc=100.0%  StAUC=0.650  ni=0/70  elapsed=0:14:40  eta=48:39:00
[2026-05-13 06:37:34][EPOCH] Epoch 2/200 train start  phase=1  (elapsed=0:14:40)
[2026-05-13 06:51:58][TRAIN] Epoch 2 train done  863s  loss=0.0043  bis=0.0021  phase=0.0000  stim=0.0000  pkd=0.0000  vd=0.0000  dp=0.0000  dv=0.0000  trans=0.0000  sps=149795
[2026-05-13 06:51:58][EPOCH] Epoch 2/200 val start
[2026-05-13 06:52:17][CKPT] Checkpoint saved  epoch=2  val_MAE=6.07 BIS  path=outputs\checkpoints\v12\best_model_v3.pt
[2026-05-13 06:52:17][VAL] Epoch 2 val done  19s  vMAE=6.07  EMA=6.50  vInd=  nan  vRec=  nan  PhAcc=100.0%  StAUC=0.659  ni=0/70  elapsed=0:29:22  eta=48:28:28
[2026-05-13 06:52:17][EPOCH] Epoch 3/200 train start  phase=1  (elapsed=0:29:22)
[2026-05-13 07:06:38][TRAIN] Epoch 3 train done  861s  loss=0.0038  bis=0.0019  phase=0.0000  stim=0.0000  pkd=0.0000  vd=0.0000  dp=0.0000  dv=0.0000  trans=0.0000  sps=151690
[2026-05-13 07:06:38][EPOCH] Epoch 3/200 val start
[2026-05-13 07:06:57][VAL] Epoch 3 val done  19s  vMAE=6.55  EMA=6.51  vInd=  nan  vRec=  nan  PhAcc=100.0%  StAUC=0.646  ni=1/70  elapsed=0:44:02  eta=48:12:16
[2026-05-13 07:06:57][EPOCH] Epoch 4/200 train start  phase=1  (elapsed=0:44:02)
[2026-05-13 07:21:20][TRAIN] Epoch 4 train done  864s  loss=0.0035  bis=0.0018  phase=0.0000  stim=0.0000  pkd=0.0000  vd=0.0000  dp=0.0000  dv=0.0000  trans=0.0000  sps=149739
[2026-05-13 07:21:20][EPOCH] Epoch 4/200 val start
[2026-05-13 07:21:40][VAL] Epoch 4 val done  19s  vMAE=8.00  EMA=6.96  vInd=  nan  vRec=  nan  PhAcc=100.0%  StAUC=0.621  ni=2/70  elapsed=0:58:45  eta=47:59:12
[2026-05-13 07:21:40][EPOCH] Epoch 5/200 train start  phase=1  (elapsed=0:58:45)
[2026-05-13 07:36:01][TRAIN] Epoch 5 train done  861s  loss=0.0033  bis=0.0017  phase=0.0000  stim=0.0000  pkd=0.0000  vd=0.0000  dp=0.0000  dv=0.0000  trans=0.0000  sps=151571
[2026-05-13 07:36:01][EPOCH] Epoch 5/200 val start
[2026-05-13 07:36:20][CKPT] Checkpoint saved  epoch=5  val_MAE=6.05 BIS  path=outputs\checkpoints\v12\best_model_v3.pt
[2026-05-13 07:36:20][VAL] Epoch 5 val done  19s  vMAE=6.05  EMA=6.69  vInd=  nan  vRec=  nan  PhAcc=100.0%  StAUC=0.569  ni=3/70  elapsed=1:13:25  eta=47:43:50
[2026-05-13 07:36:20][EPOCH] Epoch 6/200 train start  phase=1  (elapsed=1:13:25)
[2026-05-13 07:50:44][TRAIN] Epoch 6 train done  864s  loss=0.0032  bis=0.0016  phase=0.0000  stim=0.0000  pkd=0.0000  vd=0.0000  dp=0.0000  dv=0.0000  trans=0.0000  sps=149566
[2026-05-13 07:50:44][EPOCH] Epoch 6/200 val start
[2026-05-13 07:51:03][CKPT] Checkpoint saved  epoch=6  val_MAE=6.02 BIS  path=outputs\checkpoints\v12\best_model_v3.pt
[2026-05-13 07:51:03][VAL] Epoch 6 val done  19s  vMAE=6.02  EMA=6.49  vInd=  nan  vRec=  nan  PhAcc=100.0%  StAUC=0.536  ni=0/70  elapsed=1:28:09  eta=47:30:14
[2026-05-13 07:51:03][EPOCH] Epoch 7/200 train start  phase=1  (elapsed=1:28:09)
[2026-05-13 08:05:24][TRAIN] Epoch 7 train done  861s  loss=0.0031  bis=0.0015  phase=0.0000  stim=0.0000  pkd=0.0000  vd=0.0000  dp=0.0000  dv=0.0000  trans=0.0000  sps=151520
[2026-05-13 08:05:24][EPOCH] Epoch 7/200 val start
[2026-05-13 08:05:44][VAL] Epoch 7 val done  19s  vMAE=6.28  EMA=6.42  vInd=  nan  vRec=  nan  PhAcc=100.0%  StAUC=0.510  ni=0/70  elapsed=1:42:49  eta=47:15:02
[2026-05-13 08:05:44][EPOCH] Epoch 8/200 train start  phase=1  (elapsed=1:42:49)
[2026-05-13 08:20:09][TRAIN] Epoch 8 train done  865s  loss=0.0030  bis=0.0015  phase=0.0000  stim=0.0000  pkd=0.0000  vd=0.0000  dp=0.0000  dv=0.0000  trans=0.0000  sps=148695
[2026-05-13 08:20:09][EPOCH] Epoch 8/200 val start
[2026-05-13 08:20:28][CKPT] Checkpoint saved  epoch=8  val_MAE=5.79 BIS  path=outputs\checkpoints\v12\best_model_v3.pt
[2026-05-13 08:20:28][VAL] Epoch 8 val done  19s  vMAE=5.79  EMA=6.23  vInd=  nan  vRec=  nan  PhAcc=100.0%  StAUC=0.525  ni=0/70  elapsed=1:57:34  eta=47:01:42
[2026-05-13 08:20:28][EPOCH] Epoch 9/200 train start  phase=1  (elapsed=1:57:34)
[2026-05-13 08:34:52][TRAIN] Epoch 9 train done  864s  loss=0.0029  bis=0.0014  phase=0.0000  stim=0.0000  pkd=0.0000  vd=0.0000  dp=0.0000  dv=0.0000  trans=0.0000  sps=149605
[2026-05-13 08:34:52][EPOCH] Epoch 9/200 val start
[2026-05-13 08:35:12][CKPT] Checkpoint saved  epoch=9  val_MAE=5.29 BIS  path=outputs\checkpoints\v12\best_model_v3.pt
[2026-05-13 08:35:12][VAL] Epoch 9 val done  19s  vMAE=5.29  EMA=5.95  vInd=  nan  vRec=  nan  PhAcc=100.0%  StAUC=0.588  ni=0/70  elapsed=2:12:17  eta=46:47:31
[2026-05-13 08:35:12][EPOCH] Epoch 10/200 train start  phase=1  (elapsed=2:12:17)
[2026-05-13 08:49:33][TRAIN] Epoch 10 train done  862s  loss=0.0028  bis=0.0014  phase=0.0000  stim=0.0000  pkd=0.0000  vd=0.0000  dp=0.0000  dv=0.0000  trans=0.0000  sps=151410
[2026-05-13 08:49:33][EPOCH] Epoch 10/200 val start
[2026-05-13 08:49:52][VAL] Epoch 10 val done  19s  vMAE=7.02  EMA=6.27  vInd=  nan  vRec=  nan  PhAcc=100.0%  StAUC=0.570  ni=1/70  elapsed=2:26:58  eta=46:32:27
[2026-05-13 08:49:52][EPOCH] Epoch 11/200 train start  phase=1  (elapsed=2:26:58)
[2026-05-13 09:04:22][TRAIN] Epoch 11 train done  869s  loss=0.0027  bis=0.0014  phase=0.0000  stim=0.0000  pkd=0.0000  vd=0.0000  dp=0.0000  dv=0.0000  trans=0.0000  sps=148776
[2026-05-13 09:04:22][EPOCH] Epoch 11/200 val start
[2026-05-13 09:04:41][VAL] Epoch 11 val done  19s  vMAE=6.01  EMA=6.19  vInd=  nan  vRec=  nan  PhAcc=100.0%  StAUC=0.599  ni=2/70  elapsed=2:41:46  eta=46:19:43
[2026-05-13 09:04:41][EPOCH] Epoch 12/200 train start  phase=1  (elapsed=2:41:46)
