[2026-05-30 22:20:03][START] MERIDIAN (AnesthesiaNetV3) Training Start
[2026-05-30 22:20:03][CONFIG] device=cuda  AMP=True(torch.bfloat16)
[2026-05-30 22:20:03][CONFIG] params=517,543  epochs=60  patience=20  lr=1.00e-04  batch=32
[2026-05-30 22:20:03][CURRICULUM] Phase1: ep1-0  Phase2: ep1-9998  Phase3: ep9999+
[2026-05-30 22:20:03][CONFIG] steps/epoch=4,371  train_seqs=139,848  val_seqs=14,311
[2026-05-30 22:20:03][CURRICULUM] >>> Entering Curriculum Phase 2 at epoch 1 <<<
[2026-05-30 22:20:03][EPOCH] Epoch 1/60 train start  phase=2  (elapsed=0:00:00)
[2026-05-30 22:34:30][TRAIN] Epoch 1 train done  868s  loss=0.0130  bis=0.0022  phase=0.2890  stim=0.0929  pkd=0.0000  vd=0.0000  dp=0.0000  dv=0.0000  trans=0.0000  sps=149192
[2026-05-30 22:34:30][EPOCH] Epoch 1/60 val start
[2026-05-30 22:34:50][CKPT] Checkpoint saved  epoch=1  val_MAE=6.53 BIS  path=outputs\checkpoints\v14\best_model_v3.pt
[2026-05-30 22:34:50][VAL] Epoch 1 val done  19s  vMAE=6.53  EMA=6.53  vInd=11.60  vRec=15.42  PhAcc=97.6%  StAUC=0.699  ni=0/20  elapsed=0:14:47  eta=14:32:23
[2026-05-30 22:34:50][EPOCH] Epoch 2/60 train start  phase=2  (elapsed=0:14:47)
[2026-05-30 22:49:16][TRAIN] Epoch 2 train done  866s  loss=0.0105  bis=0.0019  phase=0.1784  stim=0.0480  pkd=0.0000  vd=0.0000  dp=0.0000  dv=0.0000  trans=0.0000  sps=149685
[2026-05-30 22:49:16][EPOCH] Epoch 2/60 val start
[2026-05-30 22:49:35][CKPT] Checkpoint saved  epoch=2  val_MAE=6.30 BIS  path=outputs\checkpoints\v14\best_model_v3.pt
[2026-05-30 22:49:35][VAL] Epoch 2 val done  19s  vMAE=6.30  EMA=6.46  vInd=10.43  vRec=12.43  PhAcc=97.6%  StAUC=0.769  ni=0/20  elapsed=0:29:32  eta=14:16:47
[2026-05-30 22:49:35][EPOCH] Epoch 3/60 train start  phase=2  (elapsed=0:29:32)
[2026-05-30 23:04:00][TRAIN] Epoch 3 train done  865s  loss=0.0110  bis=0.0018  phase=0.1590  stim=0.0458  pkd=0.0000  vd=0.0000  dp=0.0000  dv=0.0000  trans=0.0000  sps=150216
[2026-05-30 23:04:00][EPOCH] Epoch 3/60 val start
[2026-05-30 23:04:20][CKPT] Checkpoint saved  epoch=3  val_MAE=6.00 BIS  path=outputs\checkpoints\v14\best_model_v3.pt
[2026-05-30 23:04:20][VAL] Epoch 3 val done  19s  vMAE=6.00  EMA=6.32  vInd=10.19  vRec=11.51  PhAcc=97.7%  StAUC=0.800  ni=0/20  elapsed=0:44:17  eta=14:01:26
[2026-05-30 23:04:20][EPOCH] Epoch 4/60 train start  phase=2  (elapsed=0:44:17)
[2026-05-30 23:18:48][TRAIN] Epoch 4 train done  868s  loss=0.0117  bis=0.0017  phase=0.1464  stim=0.0443  pkd=0.0000  vd=0.0000  dp=0.0000  dv=0.0000  trans=0.0000  sps=148605
[2026-05-30 23:18:48][EPOCH] Epoch 4/60 val start
[2026-05-30 23:19:08][CKPT] Checkpoint saved  epoch=4  val_MAE=6.00 BIS  path=outputs\checkpoints\v14\best_model_v3.pt
[2026-05-30 23:19:08][VAL] Epoch 4 val done  20s  vMAE=6.00  EMA=6.23  vInd=9.90  vRec=11.65  PhAcc=97.7%  StAUC=0.810  ni=0/20  elapsed=0:59:05  eta=13:47:12
[2026-05-30 23:19:08][EPOCH] Epoch 5/60 train start  phase=2  (elapsed=0:59:05)
[2026-05-30 23:33:38][TRAIN] Epoch 5 train done  870s  loss=0.0127  bis=0.0017  phase=0.1402  stim=0.0435  pkd=0.0000  vd=0.0000  dp=0.0000  dv=0.0000  trans=0.0000  sps=147864
[2026-05-30 23:33:38][EPOCH] Epoch 5/60 val start
[2026-05-30 23:33:58][VAL] Epoch 5 val done  19s  vMAE=6.04  EMA=6.17  vInd=9.59  vRec=10.23  PhAcc=97.6%  StAUC=0.809  ni=0/20  elapsed=1:13:54  eta=13:33:03
[2026-05-30 23:33:58][EPOCH] Epoch 6/60 train start  phase=2  (elapsed=1:13:54)
[2026-05-30 23:48:28][TRAIN] Epoch 6 train done  871s  loss=0.0136  bis=0.0016  phase=0.1315  stim=0.0425  pkd=0.0000  vd=0.0000  dp=0.0000  dv=0.0000  trans=0.0000  sps=147600
[2026-05-30 23:48:28][EPOCH] Epoch 6/60 val start
[2026-05-30 23:48:48][CKPT] Checkpoint saved  epoch=6  val_MAE=5.91 BIS  path=outputs\checkpoints\v14\best_model_v3.pt
[2026-05-30 23:48:48][VAL] Epoch 6 val done  20s  vMAE=5.91  EMA=6.09  vInd=9.64  vRec=9.81  PhAcc=97.6%  StAUC=0.812  ni=0/20  elapsed=1:28:45  eta=13:18:46
[2026-05-30 23:48:48][EPOCH] Epoch 7/60 train start  phase=2  (elapsed=1:28:45)
[2026-05-31 00:03:20][TRAIN] Epoch 7 train done  872s  loss=0.0133  bis=0.0016  phase=0.1277  stim=0.0417  pkd=0.0000  vd=0.0000  dp=0.0000  dv=0.0000  trans=0.0000  sps=147129
[2026-05-31 00:03:20][EPOCH] Epoch 7/60 val start
[2026-05-31 00:03:39][VAL] Epoch 7 val done  20s  vMAE=6.04  EMA=6.08  vInd=9.66  vRec=10.00  PhAcc=97.7%  StAUC=0.817  ni=0/20  elapsed=1:43:36  eta=13:04:27
[2026-05-31 00:03:39][EPOCH] Epoch 8/60 train start  phase=2  (elapsed=1:43:36)
[2026-05-31 00:18:11][TRAIN] Epoch 8 train done  872s  loss=0.0129  bis=0.0016  phase=0.1223  stim=0.0411  pkd=0.0000  vd=0.0000  dp=0.0000  dv=0.0000  trans=0.0000  sps=146825
[2026-05-31 00:18:11][EPOCH] Epoch 8/60 val start
[2026-05-31 00:18:31][VAL] Epoch 8 val done  20s  vMAE=5.99  EMA=6.05  vInd=9.49  vRec=10.34  PhAcc=97.9%  StAUC=0.818  ni=0/20  elapsed=1:58:28  eta=12:50:03
[2026-05-31 00:18:31][EPOCH] Epoch 9/60 train start  phase=2  (elapsed=1:58:28)
[2026-05-31 00:33:01][TRAIN] Epoch 9 train done  870s  loss=0.0126  bis=0.0015  phase=0.1182  stim=0.0401  pkd=0.0000  vd=0.0000  dp=0.0000  dv=0.0000  trans=0.0000  sps=147769
[2026-05-31 00:33:01][EPOCH] Epoch 9/60 val start
[2026-05-31 00:33:21][VAL] Epoch 9 val done  19s  vMAE=6.28  EMA=6.12  vInd=8.83  vRec=8.87  PhAcc=97.7%  StAUC=0.823  ni=1/20  elapsed=2:13:18  eta=12:35:23
[2026-05-31 00:33:21][EPOCH] Epoch 10/60 train start  phase=2  (elapsed=2:13:18)
[2026-05-31 00:47:52][TRAIN] Epoch 10 train done  871s  loss=0.0123  bis=0.0015  phase=0.1143  stim=0.0393  pkd=0.0000  vd=0.0000  dp=0.0000  dv=0.0000  trans=0.0000  sps=147465
[2026-05-31 00:47:52][EPOCH] Epoch 10/60 val start
[2026-05-31 00:48:11][VAL] Epoch 10 val done  19s  vMAE=5.96  EMA=6.07  vInd=8.88  vRec=8.53  PhAcc=97.7%  StAUC=0.822  ni=2/20  elapsed=2:28:08  eta=12:20:43
[2026-05-31 00:48:11][EPOCH] Epoch 11/60 train start  phase=2  (elapsed=2:28:08)
[2026-05-31 01:02:42][TRAIN] Epoch 11 train done  870s  loss=0.0121  bis=0.0015  phase=0.1088  stim=0.0388  pkd=0.0000  vd=0.0000  dp=0.0000  dv=0.0000  trans=0.0000  sps=147549
[2026-05-31 01:02:42][EPOCH] Epoch 11/60 val start
[2026-05-31 01:03:01][VAL] Epoch 11 val done  19s  vMAE=6.02  EMA=6.06  vInd=8.95  vRec=8.65  PhAcc=97.6%  StAUC=0.820  ni=3/20  elapsed=2:42:58  eta=12:05:59
[2026-05-31 01:03:01][EPOCH] Epoch 12/60 train start  phase=2  (elapsed=2:42:58)
[2026-05-31 01:17:32][TRAIN] Epoch 12 train done  870s  loss=0.0117  bis=0.0015  phase=0.1037  stim=0.0382  pkd=0.0000  vd=0.0000  dp=0.0000  dv=0.0000  trans=0.0000  sps=147582
[2026-05-31 01:17:32][EPOCH] Epoch 12/60 val start
[2026-05-31 01:17:51][VAL] Epoch 12 val done  19s  vMAE=5.96  EMA=6.03  vInd=9.05  vRec=8.67  PhAcc=97.7%  StAUC=0.819  ni=0/20  elapsed=2:57:48  eta=11:51:14
[2026-05-31 01:17:51][EPOCH] Epoch 13/60 train start  phase=2  (elapsed=2:57:48)
[2026-05-31 01:32:23][TRAIN] Epoch 13 train done  872s  loss=0.0115  bis=0.0014  phase=0.1001  stim=0.0376  pkd=0.0000  vd=0.0000  dp=0.0000  dv=0.0000  trans=0.0000  sps=147054
[2026-05-31 01:32:23][EPOCH] Epoch 13/60 val start
[2026-05-31 01:32:43][VAL] Epoch 13 val done  19s  vMAE=5.97  EMA=6.01  vInd=9.03  vRec=8.97  PhAcc=97.8%  StAUC=0.824  ni=0/20  elapsed=3:12:40  eta=11:36:34
[2026-05-31 01:32:43][EPOCH] Epoch 14/60 train start  phase=2  (elapsed=3:12:40)
[2026-05-31 01:47:15][TRAIN] Epoch 14 train done  872s  loss=0.0113  bis=0.0014  phase=0.0974  stim=0.0370  pkd=0.0000  vd=0.0000  dp=0.0000  dv=0.0000  trans=0.0000  sps=146842
[2026-05-31 01:47:15][EPOCH] Epoch 14/60 val start
[2026-05-31 01:47:35][VAL] Epoch 14 val done  20s  vMAE=6.17  EMA=6.06  vInd=8.96  vRec=8.49  PhAcc=97.7%  StAUC=0.815  ni=1/20  elapsed=3:27:31  eta=11:21:53
[2026-05-31 01:47:35][EPOCH] Epoch 15/60 train start  phase=2  (elapsed=3:27:31)
[2026-05-31 02:02:05][TRAIN] Epoch 15 train done  871s  loss=0.0110  bis=0.0014  phase=0.0937  stim=0.0360  pkd=0.0000  vd=0.0000  dp=0.0000  dv=0.0000  trans=0.0000  sps=147737
[2026-05-31 02:02:05][EPOCH] Epoch 15/60 val start
[2026-05-31 02:02:25][VAL] Epoch 15 val done  20s  vMAE=6.00  EMA=6.04  vInd=8.95  vRec=8.89  PhAcc=97.9%  StAUC=0.818  ni=2/20  elapsed=3:42:22  eta=11:07:06
[2026-05-31 02:02:25][EPOCH] Epoch 16/60 train start  phase=2  (elapsed=3:42:22)
[2026-05-31 02:16:56][TRAIN] Epoch 16 train done  871s  loss=0.0108  bis=0.0014  phase=0.0895  stim=0.0353  pkd=0.0000  vd=0.0000  dp=0.0000  dv=0.0000  trans=0.0000  sps=147417
[2026-05-31 02:16:56][EPOCH] Epoch 16/60 val start
[2026-05-31 02:17:15][VAL] Epoch 16 val done  20s  vMAE=6.02  EMA=6.03  vInd=8.83  vRec=8.86  PhAcc=97.8%  StAUC=0.814  ni=3/20  elapsed=3:57:12  eta=10:52:19
[2026-05-31 02:17:15][EPOCH] Epoch 17/60 train start  phase=2  (elapsed=3:57:12)
[2026-05-31 02:31:46][TRAIN] Epoch 17 train done  871s  loss=0.0106  bis=0.0014  phase=0.0868  stim=0.0347  pkd=0.0000  vd=0.0000  dp=0.0000  dv=0.0000  trans=0.0000  sps=147677
[2026-05-31 02:31:46][EPOCH] Epoch 17/60 val start
[2026-05-31 02:32:05][VAL] Epoch 17 val done  19s  vMAE=5.91  EMA=6.00  vInd=8.69  vRec=8.70  PhAcc=98.0%  StAUC=0.807  ni=0/20  elapsed=4:12:02  eta=10:37:31
[2026-05-31 02:32:05][EPOCH] Epoch 18/60 train start  phase=2  (elapsed=4:12:02)
[2026-05-31 02:46:36][TRAIN] Epoch 18 train done  870s  loss=0.0104  bis=0.0014  phase=0.0818  stim=0.0343  pkd=0.0000  vd=0.0000  dp=0.0000  dv=0.0000  trans=0.0000  sps=147711
[2026-05-31 02:46:36][EPOCH] Epoch 18/60 val start
[2026-05-31 02:46:56][VAL] Epoch 18 val done  19s  vMAE=5.97  EMA=5.99  vInd=8.72  vRec=8.84  PhAcc=98.0%  StAUC=0.801  ni=0/20  elapsed=4:26:52  eta=10:22:43
[2026-05-31 02:46:56][EPOCH] Epoch 19/60 train start  phase=2  (elapsed=4:26:52)
[2026-05-31 03:01:27][TRAIN] Epoch 19 train done  872s  loss=0.0102  bis=0.0014  phase=0.0792  stim=0.0337  pkd=0.0000  vd=0.0000  dp=0.0000  dv=0.0000  trans=0.0000  sps=147036
[2026-05-31 03:01:27][EPOCH] Epoch 19/60 val start
[2026-05-31 03:01:47][VAL] Epoch 19 val done  20s  vMAE=5.96  EMA=5.98  vInd=8.46  vRec=8.40  PhAcc=97.8%  StAUC=0.800  ni=0/20  elapsed=4:41:44  eta=10:07:57
[2026-05-31 03:01:47][EPOCH] Epoch 20/60 train start  phase=2  (elapsed=4:41:44)
[2026-05-31 03:16:19][TRAIN] Epoch 20 train done  872s  loss=0.0099  bis=0.0014  phase=0.0761  stim=0.0328  pkd=0.0000  vd=0.0000  dp=0.0000  dv=0.0000  trans=0.0000  sps=146948
[2026-05-31 03:16:19][EPOCH] Epoch 20/60 val start
[2026-05-31 03:16:39][VAL] Epoch 20 val done  19s  vMAE=5.99  EMA=5.98  vInd=8.70  vRec=8.99  PhAcc=97.9%  StAUC=0.799  ni=1/20  elapsed=4:56:35  eta=9:53:11
[2026-05-31 03:16:39][EPOCH] Epoch 21/60 train start  phase=2  (elapsed=4:56:35)
[2026-05-31 03:31:09][TRAIN] Epoch 21 train done  871s  loss=0.0097  bis=0.0013  phase=0.0747  stim=0.0319  pkd=0.0000  vd=0.0000  dp=0.0000  dv=0.0000  trans=0.0000  sps=147597
[2026-05-31 03:31:09][EPOCH] Epoch 21/60 val start
[2026-05-31 03:31:29][VAL] Epoch 21 val done  20s  vMAE=5.99  EMA=5.98  vInd=8.61  vRec=8.43  PhAcc=97.9%  StAUC=0.795  ni=2/20  elapsed=5:11:26  eta=9:38:22
[2026-05-31 03:31:29][EPOCH] Epoch 22/60 train start  phase=2  (elapsed=5:11:26)
[2026-05-31 03:45:59][TRAIN] Epoch 22 train done  870s  loss=0.0094  bis=0.0013  phase=0.0706  stim=0.0309  pkd=0.0000  vd=0.0000  dp=0.0000  dv=0.0000  trans=0.0000  sps=147725
[2026-05-31 03:45:59][EPOCH] Epoch 22/60 val start
[2026-05-31 03:46:19][VAL] Epoch 22 val done  20s  vMAE=6.18  EMA=6.04  vInd=8.28  vRec=8.24  PhAcc=98.0%  StAUC=0.793  ni=3/20  elapsed=5:26:16  eta=9:23:33
[2026-05-31 03:46:19][EPOCH] Epoch 23/60 train start  phase=2  (elapsed=5:26:16)
[2026-05-31 04:00:50][TRAIN] Epoch 23 train done  871s  loss=0.0093  bis=0.0013  phase=0.0692  stim=0.0301  pkd=0.0000  vd=0.0000  dp=0.0000  dv=0.0000  trans=0.0000  sps=147334
[2026-05-31 04:00:50][EPOCH] Epoch 23/60 val start
[2026-05-31 04:01:09][VAL] Epoch 23 val done  20s  vMAE=6.05  EMA=6.04  vInd=8.40  vRec=8.72  PhAcc=98.2%  StAUC=0.785  ni=4/20  elapsed=5:41:06  eta=9:08:44
[2026-05-31 04:01:09][EPOCH] Epoch 24/60 train start  phase=2  (elapsed=5:41:06)
[2026-05-31 04:15:40][TRAIN] Epoch 24 train done  871s  loss=0.0090  bis=0.0013  phase=0.0669  stim=0.0290  pkd=0.0000  vd=0.0000  dp=0.0000  dv=0.0000  trans=0.0000  sps=147672
[2026-05-31 04:15:40][EPOCH] Epoch 24/60 val start
[2026-05-31 04:15:59][VAL] Epoch 24 val done  20s  vMAE=5.94  EMA=6.01  vInd=8.42  vRec=8.74  PhAcc=98.2%  StAUC=0.788  ni=5/20  elapsed=5:55:56  eta=8:53:55
[2026-05-31 04:15:59][EPOCH] Epoch 25/60 train start  phase=2  (elapsed=5:55:56)
[2026-05-31 04:30:31][TRAIN] Epoch 25 train done  872s  loss=0.0088  bis=0.0013  phase=0.0630  stim=0.0283  pkd=0.0000  vd=0.0000  dp=0.0000  dv=0.0000  trans=0.0000  sps=147078
[2026-05-31 04:30:31][EPOCH] Epoch 25/60 val start
[2026-05-31 04:30:51][CKPT] Checkpoint saved  epoch=25  val_MAE=5.91 BIS  path=outputs\checkpoints\v14\best_model_v3.pt
[2026-05-31 04:30:51][VAL] Epoch 25 val done  20s  vMAE=5.91  EMA=5.98  vInd=8.54  vRec=8.96  PhAcc=98.3%  StAUC=0.785  ni=6/20  elapsed=6:10:48  eta=8:39:07
[2026-05-31 04:30:51][EPOCH] Epoch 26/60 train start  phase=2  (elapsed=6:10:48)
[2026-05-31 04:45:23][TRAIN] Epoch 26 train done  872s  loss=0.0086  bis=0.0013  phase=0.0626  stim=0.0275  pkd=0.0000  vd=0.0000  dp=0.0000  dv=0.0000  trans=0.0000  sps=147022
[2026-05-31 04:45:23][EPOCH] Epoch 26/60 val start
[2026-05-31 04:45:42][VAL] Epoch 26 val done  20s  vMAE=6.07  EMA=6.01  vInd=8.47  vRec=8.63  PhAcc=98.1%  StAUC=0.780  ni=7/20  elapsed=6:25:39  eta=8:24:19
[2026-05-31 04:45:42][EPOCH] Epoch 27/60 train start  phase=2  (elapsed=6:25:39)
[2026-05-31 05:00:13][TRAIN] Epoch 27 train done  871s  loss=0.0084  bis=0.0013  phase=0.0602  stim=0.0265  pkd=0.0000  vd=0.0000  dp=0.0000  dv=0.0000  trans=0.0000  sps=147656
[2026-05-31 05:00:13][EPOCH] Epoch 27/60 val start
[2026-05-31 05:00:33][CKPT] Checkpoint saved  epoch=27  val_MAE=5.81 BIS  path=outputs\checkpoints\v14\best_model_v3.pt
[2026-05-31 05:00:33][VAL] Epoch 27 val done  20s  vMAE=5.81  EMA=5.95  vInd=8.37  vRec=8.63  PhAcc=98.2%  StAUC=0.776  ni=0/20  elapsed=6:40:30  eta=8:09:30
[2026-05-31 05:00:33][EPOCH] Epoch 28/60 train start  phase=2  (elapsed=6:40:30)
[2026-05-31 05:15:03][TRAIN] Epoch 28 train done  871s  loss=0.0082  bis=0.0013  phase=0.0585  stim=0.0258  pkd=0.0000  vd=0.0000  dp=0.0000  dv=0.0000  trans=0.0000  sps=147677
[2026-05-31 05:15:03][EPOCH] Epoch 28/60 val start
[2026-05-31 05:15:23][VAL] Epoch 28 val done  20s  vMAE=5.92  EMA=5.94  vInd=8.57  vRec=8.82  PhAcc=98.2%  StAUC=0.772  ni=0/20  elapsed=6:55:20  eta=7:54:40
[2026-05-31 05:15:23][EPOCH] Epoch 29/60 train start  phase=2  (elapsed=6:55:20)
[2026-05-31 05:29:53][TRAIN] Epoch 29 train done  870s  loss=0.0080  bis=0.0013  phase=0.0571  stim=0.0248  pkd=0.0000  vd=0.0000  dp=0.0000  dv=0.0000  trans=0.0000  sps=147926
[2026-05-31 05:29:53][EPOCH] Epoch 29/60 val start
[2026-05-31 05:30:13][VAL] Epoch 29 val done  20s  vMAE=6.01  EMA=5.96  vInd=8.60  vRec=8.39  PhAcc=98.2%  StAUC=0.768  ni=1/20  elapsed=7:10:10  eta=7:39:50
[2026-05-31 05:30:13][EPOCH] Epoch 30/60 train start  phase=2  (elapsed=7:10:10)
[2026-05-31 05:44:43][TRAIN] Epoch 30 train done  870s  loss=0.0079  bis=0.0013  phase=0.0543  stim=0.0244  pkd=0.0000  vd=0.0000  dp=0.0000  dv=0.0000  trans=0.0000  sps=147721
[2026-05-31 05:44:43][EPOCH] Epoch 30/60 val start
[2026-05-31 05:45:03][VAL] Epoch 30 val done  20s  vMAE=6.06  EMA=5.99  vInd=8.65  vRec=8.17  PhAcc=98.3%  StAUC=0.761  ni=2/20  elapsed=7:25:00  eta=7:25:00
[2026-05-31 05:45:03][EPOCH] Epoch 31/60 train start  phase=2  (elapsed=7:25:00)
[2026-05-31 05:59:35][TRAIN] Epoch 31 train done  872s  loss=0.0077  bis=0.0013  phase=0.0540  stim=0.0234  pkd=0.0000  vd=0.0000  dp=0.0000  dv=0.0000  trans=0.0000  sps=146959
[2026-05-31 05:59:35][EPOCH] Epoch 31/60 val start
[2026-05-31 05:59:54][VAL] Epoch 31 val done  20s  vMAE=6.01  EMA=6.00  vInd=8.91  vRec=8.78  PhAcc=98.4%  StAUC=0.754  ni=3/20  elapsed=7:39:51  eta=7:10:11
[2026-05-31 05:59:54][EPOCH] Epoch 32/60 train start  phase=2  (elapsed=7:39:51)
[2026-05-31 06:14:26][TRAIN] Epoch 32 train done  872s  loss=0.0075  bis=0.0013  phase=0.0519  stim=0.0226  pkd=0.0000  vd=0.0000  dp=0.0000  dv=0.0000  trans=0.0000  sps=147032
[2026-05-31 06:14:26][EPOCH] Epoch 32/60 val start
[2026-05-31 06:14:46][VAL] Epoch 32 val done  20s  vMAE=6.09  EMA=6.02  vInd=8.72  vRec=8.39  PhAcc=98.3%  StAUC=0.754  ni=4/20  elapsed=7:54:42  eta=6:55:22
[2026-05-31 06:14:46][EPOCH] Epoch 33/60 train start  phase=2  (elapsed=7:54:42)
[2026-05-31 06:29:16][TRAIN] Epoch 33 train done  870s  loss=0.0073  bis=0.0013  phase=0.0507  stim=0.0219  pkd=0.0000  vd=0.0000  dp=0.0000  dv=0.0000  trans=0.0000  sps=147586
[2026-05-31 06:29:16][EPOCH] Epoch 33/60 val start
[2026-05-31 06:29:36][VAL] Epoch 33 val done  20s  vMAE=6.19  EMA=6.07  vInd=8.77  vRec=8.59  PhAcc=98.4%  StAUC=0.759  ni=5/20  elapsed=8:09:32  eta=6:40:32
[2026-05-31 06:29:36][EPOCH] Epoch 34/60 train start  phase=2  (elapsed=8:09:32)
[2026-05-31 06:44:06][TRAIN] Epoch 34 train done  870s  loss=0.0071  bis=0.0013  phase=0.0484  stim=0.0210  pkd=0.0000  vd=0.0000  dp=0.0000  dv=0.0000  trans=0.0000  sps=147690
[2026-05-31 06:44:06][EPOCH] Epoch 34/60 val start
[2026-05-31 06:44:26][VAL] Epoch 34 val done  20s  vMAE=6.25  EMA=6.13  vInd=8.68  vRec=8.30  PhAcc=98.3%  StAUC=0.757  ni=6/20  elapsed=8:24:22  eta=6:25:42
[2026-05-31 06:44:26][EPOCH] Epoch 35/60 train start  phase=2  (elapsed=8:24:22)
[2026-05-31 06:58:56][TRAIN] Epoch 35 train done  870s  loss=0.0070  bis=0.0013  phase=0.0477  stim=0.0205  pkd=0.0000  vd=0.0000  dp=0.0000  dv=0.0000  trans=0.0000  sps=147728
[2026-05-31 06:58:56][EPOCH] Epoch 35/60 val start
[2026-05-31 06:59:15][VAL] Epoch 35 val done  20s  vMAE=6.12  EMA=6.13  vInd=8.75  vRec=8.52  PhAcc=98.4%  StAUC=0.757  ni=7/20  elapsed=8:39:12  eta=6:10:51
[2026-05-31 06:59:15][EPOCH] Epoch 36/60 train start  phase=2  (elapsed=8:39:12)
[2026-05-31 07:13:46][TRAIN] Epoch 36 train done  870s  loss=0.0069  bis=0.0012  phase=0.0462  stim=0.0199  pkd=0.0000  vd=0.0000  dp=0.0000  dv=0.0000  trans=0.0000  sps=147686
[2026-05-31 07:13:46][EPOCH] Epoch 36/60 val start
[2026-05-31 07:14:05][VAL] Epoch 36 val done  20s  vMAE=6.29  EMA=6.18  vInd=8.53  vRec=8.32  PhAcc=98.3%  StAUC=0.755  ni=8/20  elapsed=8:54:02  eta=5:56:01
[2026-05-31 07:14:05][EPOCH] Epoch 37/60 train start  phase=2  (elapsed=8:54:02)
[2026-05-31 07:28:37][TRAIN] Epoch 37 train done  872s  loss=0.0068  bis=0.0012  phase=0.0457  stim=0.0193  pkd=0.0000  vd=0.0000  dp=0.0000  dv=0.0000  trans=0.0000  sps=147044
[2026-05-31 07:28:37][EPOCH] Epoch 37/60 val start
[2026-05-31 07:28:57][VAL] Epoch 37 val done  20s  vMAE=6.12  EMA=6.16  vInd=8.66  vRec=8.50  PhAcc=98.3%  StAUC=0.757  ni=9/20  elapsed=9:08:54  eta=5:41:12
[2026-05-31 07:28:57][EPOCH] Epoch 38/60 train start  phase=2  (elapsed=9:08:54)
[2026-05-31 07:43:29][TRAIN] Epoch 38 train done  872s  loss=0.0066  bis=0.0012  phase=0.0447  stim=0.0185  pkd=0.0000  vd=0.0000  dp=0.0000  dv=0.0000  trans=0.0000  sps=147080
[2026-05-31 07:43:29][EPOCH] Epoch 38/60 val start
[2026-05-31 07:43:48][VAL] Epoch 38 val done  20s  vMAE=6.07  EMA=6.13  vInd=8.76  vRec=8.59  PhAcc=98.4%  StAUC=0.740  ni=10/20  elapsed=9:23:45  eta=5:26:23
[2026-05-31 07:43:48][EPOCH] Epoch 39/60 train start  phase=2  (elapsed=9:23:45)
[2026-05-31 07:58:19][TRAIN] Epoch 39 train done  871s  loss=0.0065  bis=0.0012  phase=0.0431  stim=0.0179  pkd=0.0000  vd=0.0000  dp=0.0000  dv=0.0000  trans=0.0000  sps=147659
[2026-05-31 07:58:19][EPOCH] Epoch 39/60 val start
[2026-05-31 07:58:39][VAL] Epoch 39 val done  20s  vMAE=6.27  EMA=6.17  vInd=8.71  vRec=8.39  PhAcc=98.4%  StAUC=0.744  ni=11/20  elapsed=9:38:35  eta=5:11:33
[2026-05-31 07:58:39][EPOCH] Epoch 40/60 train start  phase=2  (elapsed=9:38:35)
[2026-05-31 08:13:09][TRAIN] Epoch 40 train done  871s  loss=0.0064  bis=0.0012  phase=0.0431  stim=0.0177  pkd=0.0000  vd=0.0000  dp=0.0000  dv=0.0000  trans=0.0000  sps=147644
[2026-05-31 08:13:09][EPOCH] Epoch 40/60 val start
[2026-05-31 08:13:29][VAL] Epoch 40 val done  20s  vMAE=6.34  EMA=6.23  vInd=8.82  vRec=8.57  PhAcc=98.4%  StAUC=0.740  ni=12/20  elapsed=9:53:26  eta=4:56:43
[2026-05-31 08:13:29][EPOCH] Epoch 41/60 train start  phase=2  (elapsed=9:53:26)
[2026-05-31 08:27:59][TRAIN] Epoch 41 train done  870s  loss=0.0062  bis=0.0012  phase=0.0412  stim=0.0170  pkd=0.0000  vd=0.0000  dp=0.0000  dv=0.0000  trans=0.0000  sps=147823
[2026-05-31 08:27:59][EPOCH] Epoch 41/60 val start
[2026-05-31 08:28:19][VAL] Epoch 41 val done  20s  vMAE=6.23  EMA=6.23  vInd=8.88  vRec=8.66  PhAcc=98.4%  StAUC=0.744  ni=13/20  elapsed=10:08:16  eta=4:41:52
[2026-05-31 08:28:19][EPOCH] Epoch 42/60 train start  phase=2  (elapsed=10:08:16)
[2026-05-31 08:42:49][TRAIN] Epoch 42 train done  870s  loss=0.0062  bis=0.0012  phase=0.0406  stim=0.0169  pkd=0.0000  vd=0.0000  dp=0.0000  dv=0.0000  trans=0.0000  sps=147792
[2026-05-31 08:42:49][EPOCH] Epoch 42/60 val start
[2026-05-31 08:43:09][VAL] Epoch 42 val done  20s  vMAE=6.38  EMA=6.27  vInd=8.74  vRec=8.22  PhAcc=98.3%  StAUC=0.735  ni=14/20  elapsed=10:23:05  eta=4:27:02
[2026-05-31 08:43:09][EPOCH] Epoch 43/60 train start  phase=2  (elapsed=10:23:05)
[2026-05-31 08:57:41][TRAIN] Epoch 43 train done  872s  loss=0.0061  bis=0.0012  phase=0.0401  stim=0.0161  pkd=0.0000  vd=0.0000  dp=0.0000  dv=0.0000  trans=0.0000  sps=147104
[2026-05-31 08:57:41][EPOCH] Epoch 43/60 val start
[2026-05-31 08:58:00][VAL] Epoch 43 val done  20s  vMAE=6.22  EMA=6.26  vInd=8.89  vRec=8.54  PhAcc=98.3%  StAUC=0.733  ni=15/20  elapsed=10:37:57  eta=4:12:12
[2026-05-31 08:58:00][EPOCH] Epoch 44/60 train start  phase=2  (elapsed=10:37:57)
[2026-05-31 09:12:32][TRAIN] Epoch 44 train done  872s  loss=0.0060  bis=0.0012  phase=0.0398  stim=0.0158  pkd=0.0000  vd=0.0000  dp=0.0000  dv=0.0000  trans=0.0000  sps=146925
[2026-05-31 09:12:32][EPOCH] Epoch 44/60 val start
[2026-05-31 09:12:52][VAL] Epoch 44 val done  20s  vMAE=6.37  EMA=6.29  vInd=8.65  vRec=8.11  PhAcc=98.4%  StAUC=0.736  ni=16/20  elapsed=10:52:49  eta=3:57:23
[2026-05-31 09:12:52][EPOCH] Epoch 45/60 train start  phase=2  (elapsed=10:52:49)
[2026-05-31 09:27:22][TRAIN] Epoch 45 train done  871s  loss=0.0059  bis=0.0012  phase=0.0384  stim=0.0154  pkd=0.0000  vd=0.0000  dp=0.0000  dv=0.0000  trans=0.0000  sps=147612
[2026-05-31 09:27:22][EPOCH] Epoch 45/60 val start
[2026-05-31 09:27:42][VAL] Epoch 45 val done  20s  vMAE=6.41  EMA=6.33  vInd=8.57  vRec=8.17  PhAcc=98.4%  StAUC=0.731  ni=17/20  elapsed=11:07:39  eta=3:42:33
[2026-05-31 09:27:42][EPOCH] Epoch 46/60 train start  phase=2  (elapsed=11:07:39)
[2026-05-31 09:42:13][TRAIN] Epoch 46 train done  871s  loss=0.0058  bis=0.0012  phase=0.0380  stim=0.0150  pkd=0.0000  vd=0.0000  dp=0.0000  dv=0.0000  trans=0.0000  sps=147527
[2026-05-31 09:42:13][EPOCH] Epoch 46/60 val start
[2026-05-31 09:42:32][VAL] Epoch 46 val done  20s  vMAE=6.53  EMA=6.39  vInd=8.53  vRec=8.02  PhAcc=98.3%  StAUC=0.731  ni=18/20  elapsed=11:22:29  eta=3:27:42
[2026-05-31 09:42:32][EPOCH] Epoch 47/60 train start  phase=2  (elapsed=11:22:29)
[2026-05-31 09:57:03][TRAIN] Epoch 47 train done  871s  loss=0.0057  bis=0.0012  phase=0.0367  stim=0.0146  pkd=0.0000  vd=0.0000  dp=0.0000  dv=0.0000  trans=0.0000  sps=147468
[2026-05-31 09:57:03][EPOCH] Epoch 47/60 val start
[2026-05-31 09:57:23][VAL] Epoch 47 val done  20s  vMAE=6.47  EMA=6.41  vInd=8.68  vRec=8.30  PhAcc=98.4%  StAUC=0.731  ni=19/20  elapsed=11:37:20  eta=3:12:52
[2026-05-31 09:57:23][EPOCH] Epoch 48/60 train start  phase=2  (elapsed=11:37:20)
[2026-05-31 10:11:53][TRAIN] Epoch 48 train done  870s  loss=0.0057  bis=0.0012  phase=0.0370  stim=0.0146  pkd=0.0000  vd=0.0000  dp=0.0000  dv=0.0000  trans=0.0000  sps=147658
[2026-05-31 10:11:53][EPOCH] Epoch 48/60 val start
[2026-05-31 10:12:13][VAL] Epoch 48 val done  20s  vMAE=6.41  EMA=6.41  vInd=8.56  vRec=8.10  PhAcc=98.4%  StAUC=0.732  ni=20/20  elapsed=11:52:10  eta=2:58:02
[2026-05-31 10:12:13][STOP] Early stopping at epoch 48 (patience=20  no_improve=20  EMA=6.41)
[2026-05-31 10:12:13][DONE] Training complete.  Best val_MAE=5.81 BIS
