[2026-05-30 09:42:28][START] MERIDIAN (AnesthesiaNetV3) Training Start
[2026-05-30 09:42:28][CONFIG] device=cuda  AMP=True(torch.bfloat16)
[2026-05-30 09:42:28][CONFIG] params=517,543  epochs=60  patience=20  lr=1.00e-04  batch=32
[2026-05-30 09:42:28][CURRICULUM] Phase1: ep1-0  Phase2: ep1-9998  Phase3: ep9999+
[2026-05-30 09:42:28][CONFIG] steps/epoch=4,371  train_seqs=139,848  val_seqs=14,311
[2026-05-30 09:42:28][CURRICULUM] >>> Entering Curriculum Phase 2 at epoch 1 <<<
[2026-05-30 09:42:28][EPOCH] Epoch 1/60 train start  phase=2  (elapsed=0:00:00)
[2026-05-30 09:56:51][TRAIN] Epoch 1 train done  863s  loss=0.0130  bis=0.0022  phase=0.2874  stim=0.0870  pkd=0.0000  vd=0.0000  dp=0.0000  dv=0.0000  trans=0.0000  sps=150838
[2026-05-30 09:56:51][EPOCH] Epoch 1/60 val start
[2026-05-30 09:57:10][CKPT] Checkpoint saved  epoch=1  val_MAE=6.54 BIS  path=outputs\checkpoints\v14\best_model_v3.pt
[2026-05-30 09:57:10][VAL] Epoch 1 val done  19s  vMAE=6.54  EMA=6.54  vInd=11.55  vRec=15.45  PhAcc=97.7%  StAUC=0.715  ni=0/20  elapsed=0:14:42  eta=14:27:46
[2026-05-30 09:57:10][EPOCH] Epoch 2/60 train start  phase=2  (elapsed=0:14:42)
[2026-05-30 10:11:37][TRAIN] Epoch 2 train done  866s  loss=0.0105  bis=0.0019  phase=0.1783  stim=0.0484  pkd=0.0000  vd=0.0000  dp=0.0000  dv=0.0000  trans=0.0000  sps=148845
[2026-05-30 10:11:37][EPOCH] Epoch 2/60 val start
[2026-05-30 10:11:56][CKPT] Checkpoint saved  epoch=2  val_MAE=6.44 BIS  path=outputs\checkpoints\v14\best_model_v3.pt
[2026-05-30 10:11:56][VAL] Epoch 2 val done  19s  vMAE=6.44  EMA=6.51  vInd=10.08  vRec=12.63  PhAcc=97.7%  StAUC=0.763  ni=0/20  elapsed=0:29:28  eta=14:14:43
[2026-05-30 10:11:56][EPOCH] Epoch 3/60 train start  phase=2  (elapsed=0:29:28)
[2026-05-30 10:26:23][TRAIN] Epoch 3 train done  866s  loss=0.0109  bis=0.0017  phase=0.1564  stim=0.0454  pkd=0.0000  vd=0.0000  dp=0.0000  dv=0.0000  trans=0.0000  sps=148665
[2026-05-30 10:26:23][EPOCH] Epoch 3/60 val start
[2026-05-30 10:26:42][CKPT] Checkpoint saved  epoch=3  val_MAE=6.08 BIS  path=outputs\checkpoints\v14\best_model_v3.pt
[2026-05-30 10:26:42][VAL] Epoch 3 val done  19s  vMAE=6.08  EMA=6.38  vInd=9.90  vRec=11.44  PhAcc=97.7%  StAUC=0.795  ni=0/20  elapsed=0:44:14  eta=14:00:29
[2026-05-30 10:26:42][EPOCH] Epoch 4/60 train start  phase=2  (elapsed=0:44:14)
[2026-05-30 10:41:08][TRAIN] Epoch 4 train done  866s  loss=0.0117  bis=0.0017  phase=0.1465  stim=0.0443  pkd=0.0000  vd=0.0000  dp=0.0000  dv=0.0000  trans=0.0000  sps=148639
[2026-05-30 10:41:08][EPOCH] Epoch 4/60 val start
[2026-05-30 10:41:28][CKPT] Checkpoint saved  epoch=4  val_MAE=5.86 BIS  path=outputs\checkpoints\v14\best_model_v3.pt
[2026-05-30 10:41:28][VAL] Epoch 4 val done  19s  vMAE=5.86  EMA=6.22  vInd=10.15  vRec=11.18  PhAcc=97.5%  StAUC=0.806  ni=0/20  elapsed=0:59:00  eta=13:46:01
[2026-05-30 10:41:28][EPOCH] Epoch 5/60 train start  phase=2  (elapsed=0:59:00)
[2026-05-30 10:55:56][TRAIN] Epoch 5 train done  868s  loss=0.0127  bis=0.0016  phase=0.1396  stim=0.0436  pkd=0.0000  vd=0.0000  dp=0.0000  dv=0.0000  trans=0.0000  sps=147597
[2026-05-30 10:55:56][EPOCH] Epoch 5/60 val start
[2026-05-30 10:56:16][VAL] Epoch 5 val done  19s  vMAE=6.00  EMA=6.16  vInd=10.09  vRec=10.95  PhAcc=97.6%  StAUC=0.812  ni=0/20  elapsed=1:13:47  eta=13:31:46
[2026-05-30 10:56:16][EPOCH] Epoch 6/60 train start  phase=2  (elapsed=1:13:47)
[2026-05-30 11:10:40][TRAIN] Epoch 6 train done  865s  loss=0.0135  bis=0.0016  phase=0.1312  stim=0.0426  pkd=0.0000  vd=0.0000  dp=0.0000  dv=0.0000  trans=0.0000  sps=149843
[2026-05-30 11:10:40][EPOCH] Epoch 6/60 val start
[2026-05-30 11:11:00][CKPT] Checkpoint saved  epoch=6  val_MAE=5.82 BIS  path=outputs\checkpoints\v14\best_model_v3.pt
[2026-05-30 11:11:00][VAL] Epoch 6 val done  19s  vMAE=5.82  EMA=6.05  vInd=9.75  vRec=10.16  PhAcc=97.7%  StAUC=0.818  ni=0/20  elapsed=1:28:31  eta=13:16:46
[2026-05-30 11:11:00][EPOCH] Epoch 7/60 train start  phase=2  (elapsed=1:28:31)
[2026-05-30 11:25:25][TRAIN] Epoch 7 train done  865s  loss=0.0132  bis=0.0016  phase=0.1262  stim=0.0417  pkd=0.0000  vd=0.0000  dp=0.0000  dv=0.0000  trans=0.0000  sps=149560
[2026-05-30 11:25:25][EPOCH] Epoch 7/60 val start
[2026-05-30 11:25:45][CKPT] Checkpoint saved  epoch=7  val_MAE=5.80 BIS  path=outputs\checkpoints\v14\best_model_v3.pt
[2026-05-30 11:25:45][VAL] Epoch 7 val done  19s  vMAE=5.80  EMA=5.98  vInd=9.81  vRec=9.96  PhAcc=97.9%  StAUC=0.817  ni=0/20  elapsed=1:43:16  eta=13:01:57
[2026-05-30 11:25:45][EPOCH] Epoch 8/60 train start  phase=2  (elapsed=1:43:16)
[2026-05-30 11:40:13][TRAIN] Epoch 8 train done  868s  loss=0.0128  bis=0.0015  phase=0.1208  stim=0.0410  pkd=0.0000  vd=0.0000  dp=0.0000  dv=0.0000  trans=0.0000  sps=148410
[2026-05-30 11:40:13][EPOCH] Epoch 8/60 val start
[2026-05-30 11:40:32][CKPT] Checkpoint saved  epoch=8  val_MAE=5.78 BIS  path=outputs\checkpoints\v14\best_model_v3.pt
[2026-05-30 11:40:32][VAL] Epoch 8 val done  19s  vMAE=5.78  EMA=5.92  vInd=9.23  vRec=10.00  PhAcc=97.9%  StAUC=0.821  ni=0/20  elapsed=1:58:04  eta=12:47:26
[2026-05-30 11:40:32][EPOCH] Epoch 9/60 train start  phase=2  (elapsed=1:58:04)
[2026-05-30 11:54:57][TRAIN] Epoch 9 train done  865s  loss=0.0125  bis=0.0015  phase=0.1169  stim=0.0401  pkd=0.0000  vd=0.0000  dp=0.0000  dv=0.0000  trans=0.0000  sps=149565
[2026-05-30 11:54:57][EPOCH] Epoch 9/60 val start
[2026-05-30 11:55:17][VAL] Epoch 9 val done  19s  vMAE=6.07  EMA=5.96  vInd=8.78  vRec=9.12  PhAcc=97.8%  StAUC=0.823  ni=1/20  elapsed=2:12:48  eta=12:32:36
[2026-05-30 11:55:17][EPOCH] Epoch 10/60 train start  phase=2  (elapsed=2:12:48)
[2026-05-30 12:09:40][TRAIN] Epoch 10 train done  863s  loss=0.0122  bis=0.0015  phase=0.1116  stim=0.0395  pkd=0.0000  vd=0.0000  dp=0.0000  dv=0.0000  trans=0.0000  sps=150704
[2026-05-30 12:09:40][EPOCH] Epoch 10/60 val start
[2026-05-30 12:09:59][VAL] Epoch 10 val done  19s  vMAE=5.96  EMA=5.96  vInd=8.62  vRec=9.32  PhAcc=97.8%  StAUC=0.822  ni=2/20  elapsed=2:27:31  eta=12:17:36
[2026-05-30 12:09:59][EPOCH] Epoch 11/60 train start  phase=2  (elapsed=2:27:31)
[2026-05-30 12:24:23][TRAIN] Epoch 11 train done  863s  loss=0.0120  bis=0.0015  phase=0.1072  stim=0.0388  pkd=0.0000  vd=0.0000  dp=0.0000  dv=0.0000  trans=0.0000  sps=150514
[2026-05-30 12:24:23][EPOCH] Epoch 11/60 val start
[2026-05-30 12:24:42][VAL] Epoch 11 val done  19s  vMAE=5.89  EMA=5.94  vInd=8.97  vRec=9.25  PhAcc=97.8%  StAUC=0.820  ni=3/20  elapsed=2:42:14  eta=12:02:41
[2026-05-30 12:24:42][EPOCH] Epoch 12/60 train start  phase=2  (elapsed=2:42:14)
[2026-05-30 12:39:07][TRAIN] Epoch 12 train done  865s  loss=0.0116  bis=0.0014  phase=0.1015  stim=0.0381  pkd=0.0000  vd=0.0000  dp=0.0000  dv=0.0000  trans=0.0000  sps=149675
[2026-05-30 12:39:07][EPOCH] Epoch 12/60 val start
[2026-05-30 12:39:26][CKPT] Checkpoint saved  epoch=12  val_MAE=5.78 BIS  path=outputs\checkpoints\v14\best_model_v3.pt
[2026-05-30 12:39:26][VAL] Epoch 12 val done  19s  vMAE=5.78  EMA=5.89  vInd=8.87  vRec=9.03  PhAcc=97.8%  StAUC=0.820  ni=0/20  elapsed=2:56:58  eta=11:47:54
[2026-05-30 12:39:26][EPOCH] Epoch 13/60 train start  phase=2  (elapsed=2:56:58)
[2026-05-30 12:53:51][TRAIN] Epoch 13 train done  864s  loss=0.0114  bis=0.0014  phase=0.0984  stim=0.0376  pkd=0.0000  vd=0.0000  dp=0.0000  dv=0.0000  trans=0.0000  sps=150251
[2026-05-30 12:53:51][EPOCH] Epoch 13/60 val start
[2026-05-30 12:54:10][VAL] Epoch 13 val done  19s  vMAE=5.84  EMA=5.88  vInd=9.11  vRec=9.75  PhAcc=98.1%  StAUC=0.815  ni=0/20  elapsed=3:11:42  eta=11:33:05
[2026-05-30 12:54:10][EPOCH] Epoch 14/60 train start  phase=2  (elapsed=3:11:42)
[2026-05-30 13:08:37][TRAIN] Epoch 14 train done  867s  loss=0.0113  bis=0.0014  phase=0.0977  stim=0.0369  pkd=0.0000  vd=0.0000  dp=0.0000  dv=0.0000  trans=0.0000  sps=148884
[2026-05-30 13:08:37][EPOCH] Epoch 14/60 val start
[2026-05-30 13:08:57][VAL] Epoch 14 val done  19s  vMAE=5.88  EMA=5.88  vInd=8.70  vRec=8.85  PhAcc=97.7%  StAUC=0.821  ni=1/20  elapsed=3:26:28  eta=11:18:26
[2026-05-30 13:08:57][EPOCH] Epoch 15/60 train start  phase=2  (elapsed=3:26:28)
[2026-05-30 13:23:21][TRAIN] Epoch 15 train done  864s  loss=0.0111  bis=0.0014  phase=0.0944  stim=0.0364  pkd=0.0000  vd=0.0000  dp=0.0000  dv=0.0000  trans=0.0000  sps=150445
[2026-05-30 13:23:21][EPOCH] Epoch 15/60 val start
[2026-05-30 13:23:40][CKPT] Checkpoint saved  epoch=15  val_MAE=5.77 BIS  path=outputs\checkpoints\v14\best_model_v3.pt
[2026-05-30 13:23:40][VAL] Epoch 15 val done  19s  vMAE=5.77  EMA=5.84  vInd=8.75  vRec=9.02  PhAcc=97.9%  StAUC=0.813  ni=0/20  elapsed=3:41:12  eta=11:03:36
[2026-05-30 13:23:40][EPOCH] Epoch 16/60 train start  phase=2  (elapsed=3:41:12)
[2026-05-30 13:38:05][TRAIN] Epoch 16 train done  865s  loss=0.0108  bis=0.0014  phase=0.0889  stim=0.0359  pkd=0.0000  vd=0.0000  dp=0.0000  dv=0.0000  trans=0.0000  sps=149691
[2026-05-30 13:38:05][EPOCH] Epoch 16/60 val start
[2026-05-30 13:38:25][VAL] Epoch 16 val done  19s  vMAE=5.84  EMA=5.84  vInd=9.02  vRec=9.49  PhAcc=98.0%  StAUC=0.819  ni=0/20  elapsed=3:55:56  eta=10:48:51
[2026-05-30 13:38:25][EPOCH] Epoch 17/60 train start  phase=2  (elapsed=3:55:56)
[2026-05-30 13:52:49][TRAIN] Epoch 17 train done  864s  loss=0.0106  bis=0.0014  phase=0.0868  stim=0.0352  pkd=0.0000  vd=0.0000  dp=0.0000  dv=0.0000  trans=0.0000  sps=150507
[2026-05-30 13:52:49][EPOCH] Epoch 17/60 val start
[2026-05-30 13:53:08][VAL] Epoch 17 val done  19s  vMAE=5.78  EMA=5.82  vInd=8.92  vRec=9.26  PhAcc=98.1%  StAUC=0.815  ni=0/20  elapsed=4:10:40  eta=10:34:02
[2026-05-30 13:53:08][EPOCH] Epoch 18/60 train start  phase=2  (elapsed=4:10:40)
[2026-05-30 14:07:33][TRAIN] Epoch 18 train done  865s  loss=0.0104  bis=0.0014  phase=0.0831  stim=0.0347  pkd=0.0000  vd=0.0000  dp=0.0000  dv=0.0000  trans=0.0000  sps=150311
[2026-05-30 14:07:33][EPOCH] Epoch 18/60 val start
[2026-05-30 14:07:52][VAL] Epoch 18 val done  20s  vMAE=5.86  EMA=5.83  vInd=8.71  vRec=8.68  PhAcc=98.0%  StAUC=0.811  ni=1/20  elapsed=4:25:24  eta=10:19:17
[2026-05-30 14:07:52][EPOCH] Epoch 19/60 train start  phase=2  (elapsed=4:25:24)
[2026-05-30 14:22:25][TRAIN] Epoch 19 train done  872s  loss=0.0102  bis=0.0014  phase=0.0803  stim=0.0338  pkd=0.0000  vd=0.0000  dp=0.0000  dv=0.0000  trans=0.0000  sps=147449
[2026-05-30 14:22:25][EPOCH] Epoch 19/60 val start
[2026-05-30 14:22:44][VAL] Epoch 19 val done  19s  vMAE=5.83  EMA=5.83  vInd=8.82  vRec=8.81  PhAcc=97.9%  StAUC=0.810  ni=2/20  elapsed=4:40:16  eta=10:04:47
[2026-05-30 14:22:44][EPOCH] Epoch 20/60 train start  phase=2  (elapsed=4:40:16)
[2026-05-30 14:37:09][TRAIN] Epoch 20 train done  865s  loss=0.0099  bis=0.0014  phase=0.0771  stim=0.0328  pkd=0.0000  vd=0.0000  dp=0.0000  dv=0.0000  trans=0.0000  sps=149630
[2026-05-30 14:37:09][EPOCH] Epoch 20/60 val start
[2026-05-30 14:37:29][VAL] Epoch 20 val done  19s  vMAE=5.88  EMA=5.85  vInd=8.72  vRec=8.59  PhAcc=98.0%  StAUC=0.817  ni=3/20  elapsed=4:55:00  eta=9:50:01
[2026-05-30 14:37:29][EPOCH] Epoch 21/60 train start  phase=2  (elapsed=4:55:00)
[2026-05-30 14:51:58][TRAIN] Epoch 21 train done  869s  loss=0.0097  bis=0.0013  phase=0.0750  stim=0.0320  pkd=0.0000  vd=0.0000  dp=0.0000  dv=0.0000  trans=0.0000  sps=148293
[2026-05-30 14:51:58][EPOCH] Epoch 21/60 val start
[2026-05-30 14:52:17][VAL] Epoch 21 val done  19s  vMAE=5.81  EMA=5.84  vInd=8.60  vRec=8.45  PhAcc=98.0%  StAUC=0.814  ni=4/20  elapsed=5:09:49  eta=9:35:22
[2026-05-30 14:52:17][EPOCH] Epoch 22/60 train start  phase=2  (elapsed=5:09:49)
[2026-05-30 15:06:45][TRAIN] Epoch 22 train done  868s  loss=0.0095  bis=0.0013  phase=0.0724  stim=0.0313  pkd=0.0000  vd=0.0000  dp=0.0000  dv=0.0000  trans=0.0000  sps=148561
[2026-05-30 15:06:45][EPOCH] Epoch 22/60 val start
[2026-05-30 15:07:04][VAL] Epoch 22 val done  19s  vMAE=6.07  EMA=5.91  vInd=8.63  vRec=7.87  PhAcc=98.0%  StAUC=0.806  ni=5/20  elapsed=5:24:36  eta=9:20:40
[2026-05-30 15:07:04][EPOCH] Epoch 23/60 train start  phase=2  (elapsed=5:24:36)
[2026-05-30 15:21:32][TRAIN] Epoch 23 train done  868s  loss=0.0093  bis=0.0013  phase=0.0697  stim=0.0305  pkd=0.0000  vd=0.0000  dp=0.0000  dv=0.0000  trans=0.0000  sps=148710
[2026-05-30 15:21:32][EPOCH] Epoch 23/60 val start
[2026-05-30 15:21:52][VAL] Epoch 23 val done  19s  vMAE=5.86  EMA=5.89  vInd=8.77  vRec=8.13  PhAcc=98.1%  StAUC=0.811  ni=6/20  elapsed=5:39:23  eta=9:05:59
[2026-05-30 15:21:52][EPOCH] Epoch 24/60 train start  phase=2  (elapsed=5:39:23)
